-- Automatically generated by SQLQueryTestSuite
-- !query
CREATE TEMPORARY VIEW EMP AS SELECT * FROM VALUES
  (100, "emp 1", date "2005-01-01", 100.00D, 10),
  (100, "emp 1", date "2005-01-01", 100.00D, 10),
  (200, "emp 2", date "2003-01-01", 200.00D, 10),
  (300, "emp 3", date "2002-01-01", 300.00D, 20),
  (400, "emp 4", date "2005-01-01", 400.00D, 30),
  (500, "emp 5", date "2001-01-01", 400.00D, NULL),
  (600, "emp 6 - no dept", date "2001-01-01", 400.00D, 100),
  (700, "emp 7", date "2010-01-01", 400.00D, 100),
  (800, "emp 8", date "2016-01-01", 150.00D, 70)
AS EMP(id, emp_name, hiredate, salary, dept_id)
-- !query analysis
CreateViewCommand `EMP`, SELECT * FROM VALUES
  (100, "emp 1", date "2005-01-01", 100.00D, 10),
  (100, "emp 1", date "2005-01-01", 100.00D, 10),
  (200, "emp 2", date "2003-01-01", 200.00D, 10),
  (300, "emp 3", date "2002-01-01", 300.00D, 20),
  (400, "emp 4", date "2005-01-01", 400.00D, 30),
  (500, "emp 5", date "2001-01-01", 400.00D, NULL),
  (600, "emp 6 - no dept", date "2001-01-01", 400.00D, 100),
  (700, "emp 7", date "2010-01-01", 400.00D, 100),
  (800, "emp 8", date "2016-01-01", 150.00D, 70)
AS EMP(id, emp_name, hiredate, salary, dept_id), false, false, LocalTempView, true
   +- Project [id#x, emp_name#x, hiredate#x, salary#x, dept_id#x]
      +- SubqueryAlias EMP
         +- LocalRelation [id#x, emp_name#x, hiredate#x, salary#x, dept_id#x]


-- !query
CREATE TEMPORARY VIEW DEPT AS SELECT * FROM VALUES
  (10, "dept 1", "CA"),
  (20, "dept 2", "NY"),
  (30, "dept 3", "TX"),
  (40, "dept 4 - unassigned", "OR"),
  (50, "dept 5 - unassigned", "NJ"),
  (70, "dept 7", "FL")
AS DEPT(dept_id, dept_name, state)
-- !query analysis
CreateViewCommand `DEPT`, SELECT * FROM VALUES
  (10, "dept 1", "CA"),
  (20, "dept 2", "NY"),
  (30, "dept 3", "TX"),
  (40, "dept 4 - unassigned", "OR"),
  (50, "dept 5 - unassigned", "NJ"),
  (70, "dept 7", "FL")
AS DEPT(dept_id, dept_name, state), false, false, LocalTempView, true
   +- Project [dept_id#x, dept_name#x, state#x]
      +- SubqueryAlias DEPT
         +- LocalRelation [dept_id#x, dept_name#x, state#x]


-- !query
CREATE TEMPORARY VIEW BONUS AS SELECT * FROM VALUES
  ("emp 1", 10.00D),
  ("emp 1", 20.00D),
  ("emp 2", 300.00D),
  ("emp 2", 100.00D),
  ("emp 3", 300.00D),
  ("emp 4", 100.00D),
  ("emp 5", 1000.00D),
  ("emp 6 - no dept", 500.00D)
AS BONUS(emp_name, bonus_amt)
-- !query analysis
CreateViewCommand `BONUS`, SELECT * FROM VALUES
  ("emp 1", 10.00D),
  ("emp 1", 20.00D),
  ("emp 2", 300.00D),
  ("emp 2", 100.00D),
  ("emp 3", 300.00D),
  ("emp 4", 100.00D),
  ("emp 5", 1000.00D),
  ("emp 6 - no dept", 500.00D)
AS BONUS(emp_name, bonus_amt), false, false, LocalTempView, true
   +- Project [emp_name#x, bonus_amt#x]
      +- SubqueryAlias BONUS
         +- LocalRelation [emp_name#x, bonus_amt#x]


-- !query
SELECT dept_id, count(*) 
FROM   emp 
GROUP  BY dept_id 
HAVING EXISTS (SELECT 1 
               FROM   bonus 
               WHERE  bonus_amt < min(emp.salary))
-- !query analysis
Project [dept_id#x, count(1)#xL]
+- Filter exists#x [min(salary#x)#x]
   :  +- Project [1 AS 1#x]
   :     +- Filter (bonus_amt#x < outer(min(salary#x)#x))
   :        +- SubqueryAlias bonus
   :           +- View (`BONUS`, [emp_name#x,bonus_amt#x])
   :              +- Project [cast(emp_name#x as string) AS emp_name#x, cast(bonus_amt#x as double) AS bonus_amt#x]
   :                 +- Project [emp_name#x, bonus_amt#x]
   :                    +- SubqueryAlias BONUS
   :                       +- LocalRelation [emp_name#x, bonus_amt#x]
   +- Aggregate [dept_id#x], [dept_id#x, count(1) AS count(1)#xL, min(salary#x) AS min(salary#x)#x]
      +- SubqueryAlias emp
         +- View (`EMP`, [id#x,emp_name#x,hiredate#x,salary#x,dept_id#x])
            +- Project [cast(id#x as int) AS id#x, cast(emp_name#x as string) AS emp_name#x, cast(hiredate#x as date) AS hiredate#x, cast(salary#x as double) AS salary#x, cast(dept_id#x as int) AS dept_id#x]
               +- Project [id#x, emp_name#x, hiredate#x, salary#x, dept_id#x]
                  +- SubqueryAlias EMP
                     +- LocalRelation [id#x, emp_name#x, hiredate#x, salary#x, dept_id#x]


-- !query
SELECT * 
FROM   dept 
WHERE  EXISTS (SELECT dept_id, 
                      Count(*) 
               FROM   emp 
               GROUP  BY dept_id 
               HAVING EXISTS (SELECT 1 
                              FROM   bonus 
                              WHERE bonus_amt < Min(emp.salary)))
-- !query analysis
Project [dept_id#x, dept_name#x, state#x]
+- Filter exists#x []
   :  +- Project [dept_id#x, count(1)#xL]
   :     +- Filter exists#x [min(salary#x)#x]
   :        :  +- Project [1 AS 1#x]
   :        :     +- Filter (bonus_amt#x < outer(min(salary#x)#x))
   :        :        +- SubqueryAlias bonus
   :        :           +- View (`BONUS`, [emp_name#x,bonus_amt#x])
   :        :              +- Project [cast(emp_name#x as string) AS emp_name#x, cast(bonus_amt#x as double) AS bonus_amt#x]
   :        :                 +- Project [emp_name#x, bonus_amt#x]
   :        :                    +- SubqueryAlias BONUS
   :        :                       +- LocalRelation [emp_name#x, bonus_amt#x]
   :        +- Aggregate [dept_id#x], [dept_id#x, count(1) AS count(1)#xL, min(salary#x) AS min(salary#x)#x]
   :           +- SubqueryAlias emp
   :              +- View (`EMP`, [id#x,emp_name#x,hiredate#x,salary#x,dept_id#x])
   :                 +- Project [cast(id#x as int) AS id#x, cast(emp_name#x as string) AS emp_name#x, cast(hiredate#x as date) AS hiredate#x, cast(salary#x as double) AS salary#x, cast(dept_id#x as int) AS dept_id#x]
   :                    +- Project [id#x, emp_name#x, hiredate#x, salary#x, dept_id#x]
   :                       +- SubqueryAlias EMP
   :                          +- LocalRelation [id#x, emp_name#x, hiredate#x, salary#x, dept_id#x]
   +- SubqueryAlias dept
      +- View (`DEPT`, [dept_id#x,dept_name#x,state#x])
         +- Project [cast(dept_id#x as int) AS dept_id#x, cast(dept_name#x as string) AS dept_name#x, cast(state#x as string) AS state#x]
            +- Project [dept_id#x, dept_name#x, state#x]
               +- SubqueryAlias DEPT
                  +- LocalRelation [dept_id#x, dept_name#x, state#x]


-- !query
SELECT dept_id, 
       Max(salary) 
FROM   emp gp 
WHERE  EXISTS (SELECT dept_id, 
                      Count(*) 
               FROM   emp p
               GROUP  BY dept_id 
               HAVING EXISTS (SELECT 1 
                              FROM   bonus 
                              WHERE  bonus_amt < Min(p.salary))) 
GROUP  BY gp.dept_id
-- !query analysis
Aggregate [dept_id#x], [dept_id#x, max(salary#x) AS max(salary)#x]
+- Filter exists#x []
   :  +- Project [dept_id#x, count(1)#xL]
   :     +- Filter exists#x [min(salary#x)#x]
   :        :  +- Project [1 AS 1#x]
   :        :     +- Filter (bonus_amt#x < outer(min(salary#x)#x))
   :        :        +- SubqueryAlias bonus
   :        :           +- View (`BONUS`, [emp_name#x,bonus_amt#x])
   :        :              +- Project [cast(emp_name#x as string) AS emp_name#x, cast(bonus_amt#x as double) AS bonus_amt#x]
   :        :                 +- Project [emp_name#x, bonus_amt#x]
   :        :                    +- SubqueryAlias BONUS
   :        :                       +- LocalRelation [emp_name#x, bonus_amt#x]
   :        +- Aggregate [dept_id#x], [dept_id#x, count(1) AS count(1)#xL, min(salary#x) AS min(salary#x)#x]
   :           +- SubqueryAlias p
   :              +- SubqueryAlias emp
   :                 +- View (`EMP`, [id#x,emp_name#x,hiredate#x,salary#x,dept_id#x])
   :                    +- Project [cast(id#x as int) AS id#x, cast(emp_name#x as string) AS emp_name#x, cast(hiredate#x as date) AS hiredate#x, cast(salary#x as double) AS salary#x, cast(dept_id#x as int) AS dept_id#x]
   :                       +- Project [id#x, emp_name#x, hiredate#x, salary#x, dept_id#x]
   :                          +- SubqueryAlias EMP
   :                             +- LocalRelation [id#x, emp_name#x, hiredate#x, salary#x, dept_id#x]
   +- SubqueryAlias gp
      +- SubqueryAlias emp
         +- View (`EMP`, [id#x,emp_name#x,hiredate#x,salary#x,dept_id#x])
            +- Project [cast(id#x as int) AS id#x, cast(emp_name#x as string) AS emp_name#x, cast(hiredate#x as date) AS hiredate#x, cast(salary#x as double) AS salary#x, cast(dept_id#x as int) AS dept_id#x]
               +- Project [id#x, emp_name#x, hiredate#x, salary#x, dept_id#x]
                  +- SubqueryAlias EMP
                     +- LocalRelation [id#x, emp_name#x, hiredate#x, salary#x, dept_id#x]


-- !query
SELECT * 
FROM   dept 
WHERE  EXISTS (SELECT dept_id, 
                        Count(*) 
                 FROM   emp 
                 GROUP  BY dept_id 
                 HAVING EXISTS (SELECT 1 
                                FROM   bonus 
                                WHERE  bonus_amt > Min(emp.salary)))
-- !query analysis
Project [dept_id#x, dept_name#x, state#x]
+- Filter exists#x []
   :  +- Project [dept_id#x, count(1)#xL]
   :     +- Filter exists#x [min(salary#x)#x]
   :        :  +- Project [1 AS 1#x]
   :        :     +- Filter (bonus_amt#x > outer(min(salary#x)#x))
   :        :        +- SubqueryAlias bonus
   :        :           +- View (`BONUS`, [emp_name#x,bonus_amt#x])
   :        :              +- Project [cast(emp_name#x as string) AS emp_name#x, cast(bonus_amt#x as double) AS bonus_amt#x]
   :        :                 +- Project [emp_name#x, bonus_amt#x]
   :        :                    +- SubqueryAlias BONUS
   :        :                       +- LocalRelation [emp_name#x, bonus_amt#x]
   :        +- Aggregate [dept_id#x], [dept_id#x, count(1) AS count(1)#xL, min(salary#x) AS min(salary#x)#x]
   :           +- SubqueryAlias emp
   :              +- View (`EMP`, [id#x,emp_name#x,hiredate#x,salary#x,dept_id#x])
   :                 +- Project [cast(id#x as int) AS id#x, cast(emp_name#x as string) AS emp_name#x, cast(hiredate#x as date) AS hiredate#x, cast(salary#x as double) AS salary#x, cast(dept_id#x as int) AS dept_id#x]
   :                    +- Project [id#x, emp_name#x, hiredate#x, salary#x, dept_id#x]
   :                       +- SubqueryAlias EMP
   :                          +- LocalRelation [id#x, emp_name#x, hiredate#x, salary#x, dept_id#x]
   +- SubqueryAlias dept
      +- View (`DEPT`, [dept_id#x,dept_name#x,state#x])
         +- Project [cast(dept_id#x as int) AS dept_id#x, cast(dept_name#x as string) AS dept_name#x, cast(state#x as string) AS state#x]
            +- Project [dept_id#x, dept_name#x, state#x]
               +- SubqueryAlias DEPT
                  +- LocalRelation [dept_id#x, dept_name#x, state#x]


-- !query
SELECT * 
FROM   dept 
WHERE  EXISTS (SELECT dept_id, 
                      count(emp.dept_id)
               FROM   emp 
               WHERE  dept.dept_id = dept_id 
               GROUP  BY dept_id 
               HAVING EXISTS (SELECT 1 
                              FROM   bonus 
                              WHERE  ( bonus_amt > min(emp.salary) 
                                       AND count(emp.dept_id) > 1 )))
-- !query analysis
Project [dept_id#x, dept_name#x, state#x]
+- Filter exists#x [dept_id#x]
   :  +- Project [dept_id#x, count(dept_id)#xL]
   :     +- Filter exists#x [min(salary#x)#x && count(dept_id)#xL]
   :        :  +- Project [1 AS 1#x]
   :        :     +- Filter ((bonus_amt#x > outer(min(salary#x)#x)) AND (outer(count(dept_id)#xL) > cast(1 as bigint)))
   :        :        +- SubqueryAlias bonus
   :        :           +- View (`BONUS`, [emp_name#x,bonus_amt#x])
   :        :              +- Project [cast(emp_name#x as string) AS emp_name#x, cast(bonus_amt#x as double) AS bonus_amt#x]
   :        :                 +- Project [emp_name#x, bonus_amt#x]
   :        :                    +- SubqueryAlias BONUS
   :        :                       +- LocalRelation [emp_name#x, bonus_amt#x]
   :        +- Aggregate [dept_id#x], [dept_id#x, count(dept_id#x) AS count(dept_id)#xL, min(salary#x) AS min(salary#x)#x]
   :           +- Filter (outer(dept_id#x) = dept_id#x)
   :              +- SubqueryAlias emp
   :                 +- View (`EMP`, [id#x,emp_name#x,hiredate#x,salary#x,dept_id#x])
   :                    +- Project [cast(id#x as int) AS id#x, cast(emp_name#x as string) AS emp_name#x, cast(hiredate#x as date) AS hiredate#x, cast(salary#x as double) AS salary#x, cast(dept_id#x as int) AS dept_id#x]
   :                       +- Project [id#x, emp_name#x, hiredate#x, salary#x, dept_id#x]
   :                          +- SubqueryAlias EMP
   :                             +- LocalRelation [id#x, emp_name#x, hiredate#x, salary#x, dept_id#x]
   +- SubqueryAlias dept
      +- View (`DEPT`, [dept_id#x,dept_name#x,state#x])
         +- Project [cast(dept_id#x as int) AS dept_id#x, cast(dept_name#x as string) AS dept_name#x, cast(state#x as string) AS state#x]
            +- Project [dept_id#x, dept_name#x, state#x]
               +- SubqueryAlias DEPT
                  +- LocalRelation [dept_id#x, dept_name#x, state#x]
