-- Automatically generated by SQLQueryTestSuite
-- !query
select current_database(), current_schema(), current_catalog()
-- !query analysis
Project [current_database() AS current_database()#x, current_database() AS current_database()#x, current_catalog() AS current_catalog()#x]
+- OneRowRelation
