-- Automatically generated by SQLQueryTestSuite
-- !query
SELECT mask('AbCD123-@$#', lowerChar => 'q', upperChar => 'Q', otherChar => 'o', digitChar => 'd')
-- !query analysis
Project [mask(AbCD123-@$#, Q, q, d, o) AS mask(AbCD123-@$#, Q, q, d, o)#x]
+- OneRowRelation


-- !query
SELECT mask(lowerChar => 'q', upperChar => 'Q', otherChar => 'o', digitChar => 'd', str => 'AbCD123-@$#')
-- !query analysis
Project [mask(AbCD123-@$#, Q, q, d, o) AS mask(AbCD123-@$#, Q, q, d, o)#x]
+- OneRowRelation


-- !query
SELECT mask('AbCD123-@$#', lowerChar => 'q', upperChar => 'Q', digitChar => 'd')
-- !query analysis
Project [mask(AbCD123-@$#, Q, q, d, null) AS mask(AbCD123-@$#, Q, q, d, NULL)#x]
+- OneRowRelation


-- !query
SELECT mask(lowerChar => 'q', upperChar => 'Q', digitChar => 'd', str => 'AbCD123-@$#')
-- !query analysis
Project [mask(AbCD123-@$#, Q, q, d, null) AS mask(AbCD123-@$#, Q, q, d, NULL)#x]
+- OneRowRelation


-- !query
create temporary view t2 as select * from values
  ('val2a', 6S, 12, 14L, float(15), 20D, 20E2, timestamp '2014-04-04 01:01:00.000', date '2014-04-04'),
  ('val1b', 10S, 12, 19L, float(17), 25D, 26E2, timestamp '2014-05-04 01:01:00.000', date '2014-05-04'),
  ('val1b', 8S, 16, 119L, float(17), 25D, 26E2, timestamp '2015-05-04 01:01:00.000', date '2015-05-04'),
  ('val1c', 12S, 16, 219L, float(17), 25D, 26E2, timestamp '2016-05-04 01:01:00.000', date '2016-05-04'),
  ('val1b', null, 16, 319L, float(17), 25D, 26E2, timestamp '2017-05-04 01:01:00.000', null),
  ('val2e', 8S, null, 419L, float(17), 25D, 26E2, timestamp '2014-06-04 01:01:00.000', date '2014-06-04'),
  ('val1f', 19S, null, 519L, float(17), 25D, 26E2, timestamp '2014-05-04 01:01:00.000', date '2014-05-04'),
  ('val1b', 10S, 12, 19L, float(17), 25D, 26E2, timestamp '2014-06-04 01:01:00.000', date '2014-06-04'),
  ('val1b', 8S, 16, 19L, float(17), 25D, 26E2, timestamp '2014-07-04 01:01:00.000', date '2014-07-04'),
  ('val1c', 12S, 16, 19L, float(17), 25D, 26E2, timestamp '2014-08-04 01:01:00.000', date '2014-08-05'),
  ('val1e', 8S, null, 19L, float(17), 25D, 26E2, timestamp '2014-09-04 01:01:00.000', date '2014-09-04'),
  ('val1f', 19S, null, 19L, float(17), 25D, 26E2, timestamp '2014-10-04 01:01:00.000', date '2014-10-04'),
  ('val1b', null, 16, 19L, float(17), 25D, 26E2, timestamp '2014-05-04 01:01:00.000', null)
  as t2(t2a, t2b, t2c, t2d, t2e, t2f, t2g, t2h, t2i)
-- !query analysis
CreateViewCommand `t2`, select * from values
  ('val2a', 6S, 12, 14L, float(15), 20D, 20E2, timestamp '2014-04-04 01:01:00.000', date '2014-04-04'),
  ('val1b', 10S, 12, 19L, float(17), 25D, 26E2, timestamp '2014-05-04 01:01:00.000', date '2014-05-04'),
  ('val1b', 8S, 16, 119L, float(17), 25D, 26E2, timestamp '2015-05-04 01:01:00.000', date '2015-05-04'),
  ('val1c', 12S, 16, 219L, float(17), 25D, 26E2, timestamp '2016-05-04 01:01:00.000', date '2016-05-04'),
  ('val1b', null, 16, 319L, float(17), 25D, 26E2, timestamp '2017-05-04 01:01:00.000', null),
  ('val2e', 8S, null, 419L, float(17), 25D, 26E2, timestamp '2014-06-04 01:01:00.000', date '2014-06-04'),
  ('val1f', 19S, null, 519L, float(17), 25D, 26E2, timestamp '2014-05-04 01:01:00.000', date '2014-05-04'),
  ('val1b', 10S, 12, 19L, float(17), 25D, 26E2, timestamp '2014-06-04 01:01:00.000', date '2014-06-04'),
  ('val1b', 8S, 16, 19L, float(17), 25D, 26E2, timestamp '2014-07-04 01:01:00.000', date '2014-07-04'),
  ('val1c', 12S, 16, 19L, float(17), 25D, 26E2, timestamp '2014-08-04 01:01:00.000', date '2014-08-05'),
  ('val1e', 8S, null, 19L, float(17), 25D, 26E2, timestamp '2014-09-04 01:01:00.000', date '2014-09-04'),
  ('val1f', 19S, null, 19L, float(17), 25D, 26E2, timestamp '2014-10-04 01:01:00.000', date '2014-10-04'),
  ('val1b', null, 16, 19L, float(17), 25D, 26E2, timestamp '2014-05-04 01:01:00.000', null)
  as t2(t2a, t2b, t2c, t2d, t2e, t2f, t2g, t2h, t2i), false, false, LocalTempView, true
   +- Project [t2a#x, t2b#x, t2c#x, t2d#xL, t2e#x, t2f#x, t2g#x, t2h#x, t2i#x]
      +- SubqueryAlias t2
         +- LocalRelation [t2a#x, t2b#x, t2c#x, t2d#xL, t2e#x, t2f#x, t2g#x, t2h#x, t2i#x]


-- !query
SELECT hex(count_min_sketch(t2d, seed => 1, epsilon => 0.5d, confidence => 0.5d)) FROM t2
-- !query analysis
Aggregate [hex(count_min_sketch(t2d#xL, 0.5, 0.5, 1, 0, 0)) AS hex(count_min_sketch(t2d, 0.5, 0.5, 1))#x]
+- SubqueryAlias t2
   +- View (`t2`, [t2a#x,t2b#x,t2c#x,t2d#xL,t2e#x,t2f#x,t2g#x,t2h#x,t2i#x])
      +- Project [cast(t2a#x as string) AS t2a#x, cast(t2b#x as smallint) AS t2b#x, cast(t2c#x as int) AS t2c#x, cast(t2d#xL as bigint) AS t2d#xL, cast(t2e#x as float) AS t2e#x, cast(t2f#x as double) AS t2f#x, cast(t2g#x as double) AS t2g#x, cast(t2h#x as timestamp) AS t2h#x, cast(t2i#x as date) AS t2i#x]
         +- Project [t2a#x, t2b#x, t2c#x, t2d#xL, t2e#x, t2f#x, t2g#x, t2h#x, t2i#x]
            +- SubqueryAlias t2
               +- LocalRelation [t2a#x, t2b#x, t2c#x, t2d#xL, t2e#x, t2f#x, t2g#x, t2h#x, t2i#x]


-- !query
SELECT hex(count_min_sketch(seed => 1, epsilon => 0.5d, confidence => 0.5d, column => t2d)) FROM t2
-- !query analysis
Aggregate [hex(count_min_sketch(t2d#xL, 0.5, 0.5, 1, 0, 0)) AS hex(count_min_sketch(t2d, 0.5, 0.5, 1))#x]
+- SubqueryAlias t2
   +- View (`t2`, [t2a#x,t2b#x,t2c#x,t2d#xL,t2e#x,t2f#x,t2g#x,t2h#x,t2i#x])
      +- Project [cast(t2a#x as string) AS t2a#x, cast(t2b#x as smallint) AS t2b#x, cast(t2c#x as int) AS t2c#x, cast(t2d#xL as bigint) AS t2d#xL, cast(t2e#x as float) AS t2e#x, cast(t2f#x as double) AS t2f#x, cast(t2g#x as double) AS t2g#x, cast(t2h#x as timestamp) AS t2h#x, cast(t2i#x as date) AS t2i#x]
         +- Project [t2a#x, t2b#x, t2c#x, t2d#xL, t2e#x, t2f#x, t2g#x, t2h#x, t2i#x]
            +- SubqueryAlias t2
               +- LocalRelation [t2a#x, t2b#x, t2c#x, t2d#xL, t2e#x, t2f#x, t2g#x, t2h#x, t2i#x]


-- !query
SELECT hex(count_min_sketch(t2d, 0.5d, seed => 1, confidence => 0.5d)) FROM t2
-- !query analysis
Aggregate [hex(count_min_sketch(t2d#xL, 0.5, 0.5, 1, 0, 0)) AS hex(count_min_sketch(t2d, 0.5, 0.5, 1))#x]
+- SubqueryAlias t2
   +- View (`t2`, [t2a#x,t2b#x,t2c#x,t2d#xL,t2e#x,t2f#x,t2g#x,t2h#x,t2i#x])
      +- Project [cast(t2a#x as string) AS t2a#x, cast(t2b#x as smallint) AS t2b#x, cast(t2c#x as int) AS t2c#x, cast(t2d#xL as bigint) AS t2d#xL, cast(t2e#x as float) AS t2e#x, cast(t2f#x as double) AS t2f#x, cast(t2g#x as double) AS t2g#x, cast(t2h#x as timestamp) AS t2h#x, cast(t2i#x as date) AS t2i#x]
         +- Project [t2a#x, t2b#x, t2c#x, t2d#xL, t2e#x, t2f#x, t2g#x, t2h#x, t2i#x]
            +- SubqueryAlias t2
               +- LocalRelation [t2a#x, t2b#x, t2c#x, t2d#xL, t2e#x, t2f#x, t2g#x, t2h#x, t2i#x]


-- !query
SELECT * FROM explode(collection => array(1, 2))
-- !query analysis
Project [col#x]
+- Generate explode(array(1, 2)), false, [col#x]
   +- OneRowRelation


-- !query
SELECT * FROM explode_outer(collection => map('a', 1, 'b', 2))
-- !query analysis
Project [key#x, value#x]
+- Generate explode(map(a, 1, b, 2)), true, [key#x, value#x]
   +- OneRowRelation


-- !query
SELECT * FROM explode(array(1, 2)), explode(array(3, 4))
-- !query analysis
Project [col#x, col#x]
+- Join Inner
   :- Generate explode(array(1, 2)), false, [col#x]
   :  +- OneRowRelation
   +- Generate explode(array(3, 4)), false, [col#x]
      +- OneRowRelation


-- !query
SELECT * FROM explode(array(1, 2)) AS t, LATERAL explode(array(3 * t.col, 4 * t.col))
-- !query analysis
Project [col#x, col#x]
+- LateralJoin lateral-subquery#x [col#x && col#x], Inner
   :  +- Generate explode(array((3 * outer(col#x)), (4 * outer(col#x)))), false, [col#x]
   :     +- OneRowRelation
   +- SubqueryAlias t
      +- Generate explode(array(1, 2)), false, [col#x]
         +- OneRowRelation


-- !query
SELECT num, val, 'Spark' FROM explode(map(1, 'a', 2, 'b')) AS t(num, val)
-- !query analysis
Project [num#x, val#x, Spark AS Spark#x]
+- SubqueryAlias t
   +- Project [key#x AS num#x, value#x AS val#x]
      +- Generate explode(map(1, a, 2, b)), false, [key#x, value#x]
         +- OneRowRelation


-- !query
SELECT * FROM explode(collection => explode(array(1)))
-- !query analysis
org.apache.spark.sql.AnalysisException
{
  "errorClass" : "UNSUPPORTED_GENERATOR.NESTED_IN_EXPRESSIONS",
  "sqlState" : "0A000",
  "messageParameters" : {
    "expression" : "\"explode(explode(array(1)))\""
  },
  "queryContext" : [ {
    "objectType" : "",
    "objectName" : "",
    "startIndex" : 15,
    "stopIndex" : 54,
    "fragment" : "explode(collection => explode(array(1)))"
  } ]
}


-- !query
SELECT * FROM explode(collection => explode(collection => array(1)))
-- !query analysis
org.apache.spark.sql.AnalysisException
{
  "errorClass" : "UNSUPPORTED_GENERATOR.NESTED_IN_EXPRESSIONS",
  "sqlState" : "0A000",
  "messageParameters" : {
    "expression" : "\"explode(explode(array(1)))\""
  },
  "queryContext" : [ {
    "objectType" : "",
    "objectName" : "",
    "startIndex" : 15,
    "stopIndex" : 68,
    "fragment" : "explode(collection => explode(collection => array(1)))"
  } ]
}


-- !query
CREATE OR REPLACE TEMPORARY VIEW v AS SELECT id FROM range(0, 8)
-- !query analysis
CreateViewCommand `v`, SELECT id FROM range(0, 8), false, true, LocalTempView, true
   +- Project [id#xL]
      +- Range (0, 8, step=1, splits=None)


-- !query
SELECT * FROM explode(collection => TABLE(v))
-- !query analysis
org.apache.spark.sql.catalyst.ExtendedAnalysisException
{
  "errorClass" : "DATATYPE_MISMATCH.UNEXPECTED_INPUT_TYPE",
  "sqlState" : "42K09",
  "messageParameters" : {
    "inputSql" : "\"outer(__auto_generated_subquery_name_0.c)\"",
    "inputType" : "\"STRUCT<id: BIGINT>\"",
    "paramIndex" : "1",
    "requiredType" : "(\"ARRAY\" or \"MAP\")",
    "sqlExpr" : "\"explode(outer(__auto_generated_subquery_name_0.c))\""
  },
  "queryContext" : [ {
    "objectType" : "",
    "objectName" : "",
    "startIndex" : 15,
    "stopIndex" : 45,
    "fragment" : "explode(collection => TABLE(v))"
  } ]
}


-- !query
SELECT mask(lowerChar => 'q', 'AbCD123-@$#', upperChar => 'Q', otherChar => 'o', digitChar => 'd')
-- !query analysis
org.apache.spark.sql.AnalysisException
{
  "errorClass" : "UNEXPECTED_POSITIONAL_ARGUMENT",
  "sqlState" : "4274K",
  "messageParameters" : {
    "functionName" : "`mask`",
    "parameterName" : "`lowerChar`"
  },
  "queryContext" : [ {
    "objectType" : "",
    "objectName" : "",
    "startIndex" : 8,
    "stopIndex" : 98,
    "fragment" : "mask(lowerChar => 'q', 'AbCD123-@$#', upperChar => 'Q', otherChar => 'o', digitChar => 'd')"
  } ]
}


-- !query
SELECT mask('AbCD123-@$#', lowerChar => 'q', upperChar => 'Q', otherChar => 'o', digitChar => 'd', digitChar => 'e')
-- !query analysis
org.apache.spark.sql.AnalysisException
{
  "errorClass" : "DUPLICATE_ROUTINE_PARAMETER_ASSIGNMENT.DOUBLE_NAMED_ARGUMENT_REFERENCE",
  "sqlState" : "4274K",
  "messageParameters" : {
    "functionName" : "`mask`",
    "parameterName" : "`digitChar`"
  },
  "queryContext" : [ {
    "objectType" : "",
    "objectName" : "",
    "startIndex" : 8,
    "stopIndex" : 116,
    "fragment" : "mask('AbCD123-@$#', lowerChar => 'q', upperChar => 'Q', otherChar => 'o', digitChar => 'd', digitChar => 'e')"
  } ]
}


-- !query
SELECT mask('AbCD123-@$#', lowerChar => 'q', upperChar => 'Q', otherChar => 'o', digitChar => 'd', str => 'AbC')
-- !query analysis
org.apache.spark.sql.AnalysisException
{
  "errorClass" : "DUPLICATE_ROUTINE_PARAMETER_ASSIGNMENT.BOTH_POSITIONAL_AND_NAMED",
  "sqlState" : "4274K",
  "messageParameters" : {
    "functionName" : "`mask`",
    "parameterName" : "`str`"
  },
  "queryContext" : [ {
    "objectType" : "",
    "objectName" : "",
    "startIndex" : 8,
    "stopIndex" : 112,
    "fragment" : "mask('AbCD123-@$#', lowerChar => 'q', upperChar => 'Q', otherChar => 'o', digitChar => 'd', str => 'AbC')"
  } ]
}


-- !query
SELECT mask(lowerChar => 'q', upperChar => 'Q', otherChar => 'o', digitChar => 'd')
-- !query analysis
org.apache.spark.sql.AnalysisException
{
  "errorClass" : "REQUIRED_PARAMETER_NOT_FOUND",
  "sqlState" : "4274K",
  "messageParameters" : {
    "functionName" : "`mask`",
    "index" : "0",
    "parameterName" : "`str`"
  },
  "queryContext" : [ {
    "objectType" : "",
    "objectName" : "",
    "startIndex" : 8,
    "stopIndex" : 83,
    "fragment" : "mask(lowerChar => 'q', upperChar => 'Q', otherChar => 'o', digitChar => 'd')"
  } ]
}


-- !query
SELECT mask('AbCD123-@$#', lowerChar => 'q', upperChar => 'Q', otherChar => 'o', digitChar => 'd', cellular => 'automata')
-- !query analysis
org.apache.spark.sql.AnalysisException
{
  "errorClass" : "UNRECOGNIZED_PARAMETER_NAME",
  "sqlState" : "4274K",
  "messageParameters" : {
    "argumentName" : "`cellular`",
    "functionName" : "`mask`",
    "proposal" : "`str` `upperChar` `otherChar`"
  },
  "queryContext" : [ {
    "objectType" : "",
    "objectName" : "",
    "startIndex" : 8,
    "stopIndex" : 122,
    "fragment" : "mask('AbCD123-@$#', lowerChar => 'q', upperChar => 'Q', otherChar => 'o', digitChar => 'd', cellular => 'automata')"
  } ]
}


-- !query
SELECT encode(str => 'a', charset => 'utf-8')
-- !query analysis
org.apache.spark.sql.AnalysisException
{
  "errorClass" : "NAMED_PARAMETERS_NOT_SUPPORTED",
  "sqlState" : "4274K",
  "messageParameters" : {
    "functionName" : "`encode`"
  },
  "queryContext" : [ {
    "objectType" : "",
    "objectName" : "",
    "startIndex" : 8,
    "stopIndex" : 45,
    "fragment" : "encode(str => 'a', charset => 'utf-8')"
  } ]
}


-- !query
SELECT mask('AbCD123-@$#', 'Q', 'q', 'd', 'o', 'k')
-- !query analysis
org.apache.spark.sql.AnalysisException
{
  "errorClass" : "WRONG_NUM_ARGS.WITHOUT_SUGGESTION",
  "sqlState" : "42605",
  "messageParameters" : {
    "actualNum" : "6",
    "docroot" : "https://spark.apache.org/docs/latest",
    "expectedNum" : "[1, 2, 3, 4, 5]",
    "functionName" : "`mask`"
  },
  "queryContext" : [ {
    "objectType" : "",
    "objectName" : "",
    "startIndex" : 8,
    "stopIndex" : 51,
    "fragment" : "mask('AbCD123-@$#', 'Q', 'q', 'd', 'o', 'k')"
  } ]
}
