-- Automatically generated by SQLQueryTestSuite
-- !query
select 1 = 1
-- !query analysis
Project [(1 = 1) AS (1 = 1)#x]
+- OneRowRelation


-- !query
select 1 = '1'
-- !query analysis
Project [(1 = cast(1 as int)) AS (1 = 1)#x]
+- OneRowRelation


-- !query
select 1.0 = '1'
-- !query analysis
Project [(cast(1.0 as double) = cast(1 as double)) AS (1.0 = 1)#x]
+- OneRowRelation


-- !query
select 1.5 = '1.51'
-- !query analysis
Project [(cast(1.5 as double) = cast(1.51 as double)) AS (1.5 = 1.51)#x]
+- OneRowRelation


-- !query
select 1 > '1'
-- !query analysis
Project [(1 > cast(1 as int)) AS (1 > 1)#x]
+- OneRowRelation


-- !query
select 2 > '1.0'
-- !query analysis
Project [(2 > cast(1.0 as int)) AS (2 > 1.0)#x]
+- OneRowRelation


-- !query
select 2 > '2.0'
-- !query analysis
Project [(2 > cast(2.0 as int)) AS (2 > 2.0)#x]
+- OneRowRelation


-- !query
select 2 > '2.2'
-- !query analysis
Project [(2 > cast(2.2 as int)) AS (2 > 2.2)#x]
+- OneRowRelation


-- !query
select '1.5' > 0.5
-- !query analysis
Project [(cast(1.5 as double) > cast(0.5 as double)) AS (1.5 > 0.5)#x]
+- OneRowRelation


-- !query
select to_date('2009-07-30 04:17:52') > to_date('2009-07-30 04:17:52')
-- !query analysis
Project [(to_date(2009-07-30 04:17:52, None, Some(America/Los_Angeles), false) > to_date(2009-07-30 04:17:52, None, Some(America/Los_Angeles), false)) AS (to_date(2009-07-30 04:17:52) > to_date(2009-07-30 04:17:52))#x]
+- OneRowRelation


-- !query
select to_date('2009-07-30 04:17:52') > '2009-07-30 04:17:52'
-- !query analysis
Project [(to_date(2009-07-30 04:17:52, None, Some(America/Los_Angeles), false) > cast(2009-07-30 04:17:52 as date)) AS (to_date(2009-07-30 04:17:52) > 2009-07-30 04:17:52)#x]
+- OneRowRelation


-- !query
select 1 >= '1'
-- !query analysis
Project [(1 >= cast(1 as int)) AS (1 >= 1)#x]
+- OneRowRelation


-- !query
select 2 >= '1.0'
-- !query analysis
Project [(2 >= cast(1.0 as int)) AS (2 >= 1.0)#x]
+- OneRowRelation


-- !query
select 2 >= '2.0'
-- !query analysis
Project [(2 >= cast(2.0 as int)) AS (2 >= 2.0)#x]
+- OneRowRelation


-- !query
select 2.0 >= '2.2'
-- !query analysis
Project [(cast(2.0 as double) >= cast(2.2 as double)) AS (2.0 >= 2.2)#x]
+- OneRowRelation


-- !query
select '1.5' >= 0.5
-- !query analysis
Project [(cast(1.5 as double) >= cast(0.5 as double)) AS (1.5 >= 0.5)#x]
+- OneRowRelation


-- !query
select to_date('2009-07-30 04:17:52') >= to_date('2009-07-30 04:17:52')
-- !query analysis
Project [(to_date(2009-07-30 04:17:52, None, Some(America/Los_Angeles), false) >= to_date(2009-07-30 04:17:52, None, Some(America/Los_Angeles), false)) AS (to_date(2009-07-30 04:17:52) >= to_date(2009-07-30 04:17:52))#x]
+- OneRowRelation


-- !query
select to_date('2009-07-30 04:17:52') >= '2009-07-30 04:17:52'
-- !query analysis
Project [(to_date(2009-07-30 04:17:52, None, Some(America/Los_Angeles), false) >= cast(2009-07-30 04:17:52 as date)) AS (to_date(2009-07-30 04:17:52) >= 2009-07-30 04:17:52)#x]
+- OneRowRelation


-- !query
select 1 < '1'
-- !query analysis
Project [(1 < cast(1 as int)) AS (1 < 1)#x]
+- OneRowRelation


-- !query
select 2 < '1.0'
-- !query analysis
Project [(2 < cast(1.0 as int)) AS (2 < 1.0)#x]
+- OneRowRelation


-- !query
select 2 < '2.0'
-- !query analysis
Project [(2 < cast(2.0 as int)) AS (2 < 2.0)#x]
+- OneRowRelation


-- !query
select 2.0 < '2.2'
-- !query analysis
Project [(cast(2.0 as double) < cast(2.2 as double)) AS (2.0 < 2.2)#x]
+- OneRowRelation


-- !query
select 0.5 < '1.5'
-- !query analysis
Project [(cast(0.5 as double) < cast(1.5 as double)) AS (0.5 < 1.5)#x]
+- OneRowRelation


-- !query
select to_date('2009-07-30 04:17:52') < to_date('2009-07-30 04:17:52')
-- !query analysis
Project [(to_date(2009-07-30 04:17:52, None, Some(America/Los_Angeles), false) < to_date(2009-07-30 04:17:52, None, Some(America/Los_Angeles), false)) AS (to_date(2009-07-30 04:17:52) < to_date(2009-07-30 04:17:52))#x]
+- OneRowRelation


-- !query
select to_date('2009-07-30 04:17:52') < '2009-07-30 04:17:52'
-- !query analysis
Project [(to_date(2009-07-30 04:17:52, None, Some(America/Los_Angeles), false) < cast(2009-07-30 04:17:52 as date)) AS (to_date(2009-07-30 04:17:52) < 2009-07-30 04:17:52)#x]
+- OneRowRelation


-- !query
select 1 <= '1'
-- !query analysis
Project [(1 <= cast(1 as int)) AS (1 <= 1)#x]
+- OneRowRelation


-- !query
select 2 <= '1.0'
-- !query analysis
Project [(2 <= cast(1.0 as int)) AS (2 <= 1.0)#x]
+- OneRowRelation


-- !query
select 2 <= '2.0'
-- !query analysis
Project [(2 <= cast(2.0 as int)) AS (2 <= 2.0)#x]
+- OneRowRelation


-- !query
select 2.0 <= '2.2'
-- !query analysis
Project [(cast(2.0 as double) <= cast(2.2 as double)) AS (2.0 <= 2.2)#x]
+- OneRowRelation


-- !query
select 0.5 <= '1.5'
-- !query analysis
Project [(cast(0.5 as double) <= cast(1.5 as double)) AS (0.5 <= 1.5)#x]
+- OneRowRelation


-- !query
select to_date('2009-07-30 04:17:52') <= to_date('2009-07-30 04:17:52')
-- !query analysis
Project [(to_date(2009-07-30 04:17:52, None, Some(America/Los_Angeles), false) <= to_date(2009-07-30 04:17:52, None, Some(America/Los_Angeles), false)) AS (to_date(2009-07-30 04:17:52) <= to_date(2009-07-30 04:17:52))#x]
+- OneRowRelation


-- !query
select to_date('2009-07-30 04:17:52') <= '2009-07-30 04:17:52'
-- !query analysis
Project [(to_date(2009-07-30 04:17:52, None, Some(America/Los_Angeles), false) <= cast(2009-07-30 04:17:52 as date)) AS (to_date(2009-07-30 04:17:52) <= 2009-07-30 04:17:52)#x]
+- OneRowRelation


-- !query
select to_date('2017-03-01') = to_timestamp('2017-03-01 00:00:00')
-- !query analysis
Project [(cast(to_date(2017-03-01, None, Some(America/Los_Angeles), false) as timestamp) = to_timestamp(2017-03-01 00:00:00, None, TimestampType, Some(America/Los_Angeles), false)) AS (to_date(2017-03-01) = to_timestamp(2017-03-01 00:00:00))#x]
+- OneRowRelation


-- !query
select to_timestamp('2017-03-01 00:00:01') > to_date('2017-03-01')
-- !query analysis
Project [(to_timestamp(2017-03-01 00:00:01, None, TimestampType, Some(America/Los_Angeles), false) > cast(to_date(2017-03-01, None, Some(America/Los_Angeles), false) as timestamp)) AS (to_timestamp(2017-03-01 00:00:01) > to_date(2017-03-01))#x]
+- OneRowRelation


-- !query
select to_timestamp('2017-03-01 00:00:01') >= to_date('2017-03-01')
-- !query analysis
Project [(to_timestamp(2017-03-01 00:00:01, None, TimestampType, Some(America/Los_Angeles), false) >= cast(to_date(2017-03-01, None, Some(America/Los_Angeles), false) as timestamp)) AS (to_timestamp(2017-03-01 00:00:01) >= to_date(2017-03-01))#x]
+- OneRowRelation


-- !query
select to_date('2017-03-01') < to_timestamp('2017-03-01 00:00:01')
-- !query analysis
Project [(cast(to_date(2017-03-01, None, Some(America/Los_Angeles), false) as timestamp) < to_timestamp(2017-03-01 00:00:01, None, TimestampType, Some(America/Los_Angeles), false)) AS (to_date(2017-03-01) < to_timestamp(2017-03-01 00:00:01))#x]
+- OneRowRelation


-- !query
select to_date('2017-03-01') <= to_timestamp('2017-03-01 00:00:01')
-- !query analysis
Project [(cast(to_date(2017-03-01, None, Some(America/Los_Angeles), false) as timestamp) <= to_timestamp(2017-03-01 00:00:01, None, TimestampType, Some(America/Los_Angeles), false)) AS (to_date(2017-03-01) <= to_timestamp(2017-03-01 00:00:01))#x]
+- OneRowRelation


-- !query
select 1 in (1, 2, 3)
-- !query analysis
Project [1 IN (1,2,3) AS (1 IN (1, 2, 3))#x]
+- OneRowRelation


-- !query
select 1 in (1, 2, 3, null)
-- !query analysis
Project [cast(1 as int) IN (cast(1 as int),cast(2 as int),cast(3 as int),cast(null as int)) AS (1 IN (1, 2, 3, NULL))#x]
+- OneRowRelation


-- !query
select 1 in (1.0, 2.0, 3.0)
-- !query analysis
Project [cast(1 as decimal(11,1)) IN (cast(1.0 as decimal(11,1)),cast(2.0 as decimal(11,1)),cast(3.0 as decimal(11,1))) AS (1 IN (1.0, 2.0, 3.0))#x]
+- OneRowRelation


-- !query
select 1 in (1.0, 2.0, 3.0, null)
-- !query analysis
Project [cast(1 as decimal(11,1)) IN (cast(1.0 as decimal(11,1)),cast(2.0 as decimal(11,1)),cast(3.0 as decimal(11,1)),cast(null as decimal(11,1))) AS (1 IN (1.0, 2.0, 3.0, NULL))#x]
+- OneRowRelation


-- !query
select 1 in ('2', '3', '4')
-- !query analysis
Project [cast(1 as string) IN (cast(2 as string),cast(3 as string),cast(4 as string)) AS (1 IN (2, 3, 4))#x]
+- OneRowRelation


-- !query
select 1 in ('2', '3', '4', null)
-- !query analysis
Project [cast(1 as string) IN (cast(2 as string),cast(3 as string),cast(4 as string),cast(null as string)) AS (1 IN (2, 3, 4, NULL))#x]
+- OneRowRelation


-- !query
select null in (1, 2, 3)
-- !query analysis
Project [cast(null as int) IN (cast(1 as int),cast(2 as int),cast(3 as int)) AS (NULL IN (1, 2, 3))#x]
+- OneRowRelation


-- !query
select null in (1, 2, null)
-- !query analysis
Project [cast(null as int) IN (cast(1 as int),cast(2 as int),cast(null as int)) AS (NULL IN (1, 2, NULL))#x]
+- OneRowRelation


-- !query
select 1 not in (1, 2, 3)
-- !query analysis
Project [NOT 1 IN (1,2,3) AS (NOT (1 IN (1, 2, 3)))#x]
+- OneRowRelation


-- !query
select 1 not in (1, 2, 3, null)
-- !query analysis
Project [NOT cast(1 as int) IN (cast(1 as int),cast(2 as int),cast(3 as int),cast(null as int)) AS (NOT (1 IN (1, 2, 3, NULL)))#x]
+- OneRowRelation


-- !query
select 1 not in (1.0, 2.0, 3.0)
-- !query analysis
Project [NOT cast(1 as decimal(11,1)) IN (cast(1.0 as decimal(11,1)),cast(2.0 as decimal(11,1)),cast(3.0 as decimal(11,1))) AS (NOT (1 IN (1.0, 2.0, 3.0)))#x]
+- OneRowRelation


-- !query
select 1 not in (1.0, 2.0, 3.0, null)
-- !query analysis
Project [NOT cast(1 as decimal(11,1)) IN (cast(1.0 as decimal(11,1)),cast(2.0 as decimal(11,1)),cast(3.0 as decimal(11,1)),cast(null as decimal(11,1))) AS (NOT (1 IN (1.0, 2.0, 3.0, NULL)))#x]
+- OneRowRelation


-- !query
select 1 not in ('2', '3', '4')
-- !query analysis
Project [NOT cast(1 as string) IN (cast(2 as string),cast(3 as string),cast(4 as string)) AS (NOT (1 IN (2, 3, 4)))#x]
+- OneRowRelation


-- !query
select 1 not in ('2', '3', '4', null)
-- !query analysis
Project [NOT cast(1 as string) IN (cast(2 as string),cast(3 as string),cast(4 as string),cast(null as string)) AS (NOT (1 IN (2, 3, 4, NULL)))#x]
+- OneRowRelation


-- !query
select null not in (1, 2, 3)
-- !query analysis
Project [NOT cast(null as int) IN (cast(1 as int),cast(2 as int),cast(3 as int)) AS (NOT (NULL IN (1, 2, 3)))#x]
+- OneRowRelation


-- !query
select null not in (1, 2, null)
-- !query analysis
Project [NOT cast(null as int) IN (cast(1 as int),cast(2 as int),cast(null as int)) AS (NOT (NULL IN (1, 2, NULL)))#x]
+- OneRowRelation
