-- Automatically generated by SQLQueryTestSuite
-- !query
SELECT rand(0)
-- !query analysis
[Analyzer test output redacted due to nondeterminism]


-- !query
SELECT rand(cast(3 / 7 AS int))
-- !query analysis
[Analyzer test output redacted due to nondeterminism]


-- !query
SELECT rand(NULL)
-- !query analysis
[Analyzer test output redacted due to nondeterminism]


-- !query
SELECT rand(cast(NULL AS int))
-- !query analysis
[Analyzer test output redacted due to nondeterminism]


-- !query
SELECT rand(1.0)
-- !query analysis
org.apache.spark.sql.catalyst.ExtendedAnalysisException
{
  "errorClass" : "DATATYPE_MISMATCH.UNEXPECTED_INPUT_TYPE",
  "sqlState" : "42K09",
  "messageParameters" : {
    "inputSql" : "\"1.0\"",
    "inputType" : "\"DECIMAL(2,1)\"",
    "paramIndex" : "1",
    "requiredType" : "(\"INT\" or \"BIGINT\")",
    "sqlExpr" : "\"rand(1.0)\""
  },
  "queryContext" : [ {
    "objectType" : "",
    "objectName" : "",
    "startIndex" : 8,
    "stopIndex" : 16,
    "fragment" : "rand(1.0)"
  } ]
}


-- !query
SELECT randn(0L)
-- !query analysis
[Analyzer test output redacted due to nondeterminism]


-- !query
SELECT randn(cast(3 / 7 AS long))
-- !query analysis
[Analyzer test output redacted due to nondeterminism]


-- !query
SELECT randn(NULL)
-- !query analysis
[Analyzer test output redacted due to nondeterminism]


-- !query
SELECT randn(cast(NULL AS long))
-- !query analysis
[Analyzer test output redacted due to nondeterminism]


-- !query
SELECT rand('1')
-- !query analysis
org.apache.spark.sql.catalyst.ExtendedAnalysisException
{
  "errorClass" : "DATATYPE_MISMATCH.UNEXPECTED_INPUT_TYPE",
  "sqlState" : "42K09",
  "messageParameters" : {
    "inputSql" : "\"1\"",
    "inputType" : "\"STRING\"",
    "paramIndex" : "1",
    "requiredType" : "(\"INT\" or \"BIGINT\")",
    "sqlExpr" : "\"rand(1)\""
  },
  "queryContext" : [ {
    "objectType" : "",
    "objectName" : "",
    "startIndex" : 8,
    "stopIndex" : 16,
    "fragment" : "rand('1')"
  } ]
}
