-- Automatically generated by SQLQueryTestSuite
-- !query
SET TIME ZONE 'Asia/Hong_Kong'
-- !query analysis
SetCommand (spark.sql.session.timeZone,Some(Asia/Hong_Kong))


-- !query
SET TIME ZONE 'GMT+1'
-- !query analysis
SetCommand (spark.sql.session.timeZone,Some(GMT+1))


-- !query
SET TIME ZONE INTERVAL 10 HOURS
-- !query analysis
SetCommand (spark.sql.session.timeZone,Some(+10:00))


-- !query
SET TIME ZONE INTERVAL '15:40:32' HOUR TO SECOND
-- !query analysis
SetCommand (spark.sql.session.timeZone,Some(+15:40:32))


-- !query
SET TIME ZONE LOCAL
-- !query analysis
SetCommand (spark.sql.session.timeZone,Some(America/Los_Angeles))


-- !query
SET TIME ZONE
-- !query analysis
org.apache.spark.sql.catalyst.parser.ParseException
{
  "errorClass" : "_LEGACY_ERROR_TEMP_0045",
  "queryContext" : [ {
    "objectType" : "",
    "objectName" : "",
    "startIndex" : 1,
    "stopIndex" : 13,
    "fragment" : "SET TIME ZONE"
  } ]
}


-- !query
SET TIME ZONE 'invalid/zone'
-- !query analysis
java.lang.IllegalArgumentException
'invalid/zone' in spark.sql.session.timeZone is invalid. Cannot resolve the given timezone with ZoneId.of(_, ZoneId.SHORT_IDS)


-- !query
SET TIME ZONE INTERVAL 3 DAYS
-- !query analysis
org.apache.spark.sql.catalyst.parser.ParseException
{
  "errorClass" : "_LEGACY_ERROR_TEMP_0044",
  "queryContext" : [ {
    "objectType" : "",
    "objectName" : "",
    "startIndex" : 1,
    "stopIndex" : 29,
    "fragment" : "SET TIME ZONE INTERVAL 3 DAYS"
  } ]
}


-- !query
SET TIME ZONE INTERVAL 24 HOURS
-- !query analysis
org.apache.spark.sql.catalyst.parser.ParseException
{
  "errorClass" : "_LEGACY_ERROR_TEMP_0044",
  "queryContext" : [ {
    "objectType" : "",
    "objectName" : "",
    "startIndex" : 1,
    "stopIndex" : 31,
    "fragment" : "SET TIME ZONE INTERVAL 24 HOURS"
  } ]
}


-- !query
SET TIME ZONE INTERVAL '19:40:32' HOUR TO SECOND
-- !query analysis
org.apache.spark.sql.catalyst.parser.ParseException
{
  "errorClass" : "_LEGACY_ERROR_TEMP_0044",
  "queryContext" : [ {
    "objectType" : "",
    "objectName" : "",
    "startIndex" : 1,
    "stopIndex" : 48,
    "fragment" : "SET TIME ZONE INTERVAL '19:40:32' HOUR TO SECOND"
  } ]
}


-- !query
SET TIME ZONE INTERVAL 10 HOURS 'GMT+1'
-- !query analysis
org.apache.spark.sql.catalyst.parser.ParseException
{
  "errorClass" : "_LEGACY_ERROR_TEMP_0045",
  "queryContext" : [ {
    "objectType" : "",
    "objectName" : "",
    "startIndex" : 1,
    "stopIndex" : 39,
    "fragment" : "SET TIME ZONE INTERVAL 10 HOURS 'GMT+1'"
  } ]
}


-- !query
SET TIME ZONE INTERVAL 10 HOURS 1 MILLISECOND
-- !query analysis
org.apache.spark.sql.catalyst.parser.ParseException
{
  "errorClass" : "_LEGACY_ERROR_TEMP_0044",
  "queryContext" : [ {
    "objectType" : "",
    "objectName" : "",
    "startIndex" : 1,
    "stopIndex" : 45,
    "fragment" : "SET TIME ZONE INTERVAL 10 HOURS 1 MILLISECOND"
  } ]
}
