-- Automatically generated by SQLQueryTestSuite
-- !query
select parse_url('http://userinfo@spark.apache.org/path?query=1#Ref', 'HOST')
-- !query analysis
Project [parse_url(http://userinfo@spark.apache.org/path?query=1#Ref, HOST, false) AS parse_url(http://userinfo@spark.apache.org/path?query=1#Ref, HOST)#x]
+- OneRowRelation


-- !query
select parse_url('http://userinfo@spark.apache.org/path?query=1#Ref', 'PATH')
-- !query analysis
Project [parse_url(http://userinfo@spark.apache.org/path?query=1#Ref, PATH, false) AS parse_url(http://userinfo@spark.apache.org/path?query=1#Ref, PATH)#x]
+- OneRowRelation


-- !query
select parse_url('http://userinfo@spark.apache.org/path?query=1#Ref', 'QUERY')
-- !query analysis
Project [parse_url(http://userinfo@spark.apache.org/path?query=1#Ref, QUERY, false) AS parse_url(http://userinfo@spark.apache.org/path?query=1#Ref, QUERY)#x]
+- OneRowRelation


-- !query
select parse_url('http://userinfo@spark.apache.org/path?query=1#Ref', 'REF')
-- !query analysis
Project [parse_url(http://userinfo@spark.apache.org/path?query=1#Ref, REF, false) AS parse_url(http://userinfo@spark.apache.org/path?query=1#Ref, REF)#x]
+- OneRowRelation


-- !query
select parse_url('http://userinfo@spark.apache.org/path?query=1#Ref', 'PROTOCOL')
-- !query analysis
Project [parse_url(http://userinfo@spark.apache.org/path?query=1#Ref, PROTOCOL, false) AS parse_url(http://userinfo@spark.apache.org/path?query=1#Ref, PROTOCOL)#x]
+- OneRowRelation


-- !query
select parse_url('http://userinfo@spark.apache.org/path?query=1#Ref', 'FILE')
-- !query analysis
Project [parse_url(http://userinfo@spark.apache.org/path?query=1#Ref, FILE, false) AS parse_url(http://userinfo@spark.apache.org/path?query=1#Ref, FILE)#x]
+- OneRowRelation


-- !query
select parse_url('http://userinfo@spark.apache.org/path?query=1#Ref', 'AUTHORITY')
-- !query analysis
Project [parse_url(http://userinfo@spark.apache.org/path?query=1#Ref, AUTHORITY, false) AS parse_url(http://userinfo@spark.apache.org/path?query=1#Ref, AUTHORITY)#x]
+- OneRowRelation


-- !query
select parse_url('http://userinfo@spark.apache.org/path?query=1#Ref', 'USERINFO')
-- !query analysis
Project [parse_url(http://userinfo@spark.apache.org/path?query=1#Ref, USERINFO, false) AS parse_url(http://userinfo@spark.apache.org/path?query=1#Ref, USERINFO)#x]
+- OneRowRelation


-- !query
select url_encode('https://spark.apache.org')
-- !query analysis
Project [url_encode(https://spark.apache.org) AS url_encode(https://spark.apache.org)#x]
+- OneRowRelation


-- !query
select url_encode('inva lid://user:pass@host/file\\;param?query\\;p2')
-- !query analysis
Project [url_encode(inva lid://user:pass@host/file\;param?query\;p2) AS url_encode(inva lid://user:pass@host/file\;param?query\;p2)#x]
+- OneRowRelation


-- !query
select url_encode(null)
-- !query analysis
Project [url_encode(cast(null as string)) AS url_encode(NULL)#x]
+- OneRowRelation


-- !query
select url_decode('https%3A%2F%2Fspark.apache.org')
-- !query analysis
Project [url_decode(https%3A%2F%2Fspark.apache.org) AS url_decode(https%3A%2F%2Fspark.apache.org)#x]
+- OneRowRelation


-- !query
select url_decode('http%3A%2F%2spark.apache.org')
-- !query analysis
Project [url_decode(http%3A%2F%2spark.apache.org) AS url_decode(http%3A%2F%2spark.apache.org)#x]
+- OneRowRelation


-- !query
select url_decode('inva lid://user:pass@host/file\\;param?query\\;p2')
-- !query analysis
Project [url_decode(inva lid://user:pass@host/file\;param?query\;p2) AS url_decode(inva lid://user:pass@host/file\;param?query\;p2)#x]
+- OneRowRelation


-- !query
select url_decode(null)
-- !query analysis
Project [url_decode(cast(null as string)) AS url_decode(NULL)#x]
+- OneRowRelation
