-- Automatically generated by SQLQueryTestSuite
-- !query
CREATE OR REPLACE TEMPORARY VIEW t1 AS VALUES (0, 1), (1, 2) t(c1, c2)
-- !query analysis
CreateViewCommand `t1`, VALUES (0, 1), (1, 2) t(c1, c2), false, true, LocalTempView, true
   +- SubqueryAlias t
      +- LocalRelation [c1#x, c2#x]


-- !query
SELECT * FROM udtf(1, 2)
-- !query analysis
[Analyzer test output redacted due to nondeterminism]


-- !query
SELECT * FROM udtf(-1, 0)
-- !query analysis
[Analyzer test output redacted due to nondeterminism]


-- !query
SELECT * FROM udtf(0, -1)
-- !query analysis
[Analyzer test output redacted due to nondeterminism]


-- !query
SELECT * FROM udtf(0, 0)
-- !query analysis
[Analyzer test output redacted due to nondeterminism]


-- !query
SELECT a, b FROM udtf(1, 2) t(a, b)
-- !query analysis
[Analyzer test output redacted due to nondeterminism]


-- !query
SELECT * FROM t1, LATERAL udtf(c1, c2)
-- !query analysis
[Analyzer test output redacted due to nondeterminism]


-- !query
SELECT * FROM t1 LEFT JOIN LATERAL udtf(c1, c2)
-- !query analysis
[Analyzer test output redacted due to nondeterminism]


-- !query
SELECT * FROM udtf(1, 2) t(c1, c2), LATERAL udtf(c1, c2)
-- !query analysis
[Analyzer test output redacted due to nondeterminism]


-- !query
SELECT * FROM udtf(cast(rand(0) AS int) + 1, 1)
-- !query analysis
[Analyzer test output redacted due to nondeterminism]
