-- Automatically generated by SQLQueryTestSuite
-- !query
create table decimals_test(id int, a decimal(38,18), b decimal(38,18)) using parquet
-- !query analysis
CreateDataSourceTableCommand `spark_catalog`.`default`.`decimals_test`, false


-- !query
insert into decimals_test values(1, 100.0, 999.0), (2, 12345.123, 12345.123),
  (3, 0.1234567891011, 1234.1), (4, 123456789123456789.0, 1.123456789123456789)
-- !query analysis
InsertIntoHadoopFsRelationCommand file:[not included in comparison]/{warehouse_dir}/decimals_test, false, Parquet, [path=file:[not included in comparison]/{warehouse_dir}/decimals_test], Append, `spark_catalog`.`default`.`decimals_test`, org.apache.spark.sql.execution.datasources.InMemoryFileIndex(file:[not included in comparison]/{warehouse_dir}/decimals_test), [id, a, b]
+- Project [cast(col1#x as int) AS id#x, cast(col2#x as decimal(38,18)) AS a#x, cast(col3#x as decimal(38,18)) AS b#x]
   +- LocalRelation [col1#x, col2#x, col3#x]


-- !query
select id, a*10, b/10 from decimals_test order by id
-- !query analysis
Sort [id#x ASC NULLS FIRST], true
+- Project [id#x, (a#x * cast(10 as decimal(2,0))) AS (a * 10)#x, (b#x / cast(10 as decimal(2,0))) AS (b / 10)#x]
   +- SubqueryAlias spark_catalog.default.decimals_test
      +- Relation spark_catalog.default.decimals_test[id#x,a#x,b#x] parquet


-- !query
select 10.3 * 3.0
-- !query analysis
Project [(10.3 * 3.0) AS (10.3 * 3.0)#x]
+- OneRowRelation


-- !query
select 10.3000 * 3.0
-- !query analysis
Project [(10.3000 * 3.0) AS (10.3000 * 3.0)#x]
+- OneRowRelation


-- !query
select 10.30000 * 30.0
-- !query analysis
Project [(10.30000 * 30.0) AS (10.30000 * 30.0)#x]
+- OneRowRelation


-- !query
select 10.300000000000000000 * 3.000000000000000000
-- !query analysis
Project [(10.300000000000000000 * 3.000000000000000000) AS (10.300000000000000000 * 3.000000000000000000)#x]
+- OneRowRelation


-- !query
select 10.300000000000000000 * 3.0000000000000000000
-- !query analysis
Project [(10.300000000000000000 * 3.0000000000000000000) AS (10.300000000000000000 * 3.0000000000000000000)#x]
+- OneRowRelation


-- !query
select (5e36BD + 0.1) + 5e36BD
-- !query analysis
Project [((5000000000000000000000000000000000000 + 0.1) + 5000000000000000000000000000000000000) AS ((5000000000000000000000000000000000000 + 0.1) + 5000000000000000000000000000000000000)#x]
+- OneRowRelation


-- !query
select (-4e36BD - 0.1) - 7e36BD
-- !query analysis
Project [((-4000000000000000000000000000000000000 - 0.1) - 7000000000000000000000000000000000000) AS ((-4000000000000000000000000000000000000 - 0.1) - 7000000000000000000000000000000000000)#x]
+- OneRowRelation


-- !query
select 12345678901234567890.0 * 12345678901234567890.0
-- !query analysis
Project [(12345678901234567890.0 * 12345678901234567890.0) AS (12345678901234567890.0 * 12345678901234567890.0)#x]
+- OneRowRelation


-- !query
select 1e35BD / 0.1
-- !query analysis
Project [(100000000000000000000000000000000000 / 0.1) AS (100000000000000000000000000000000000 / 0.1)#x]
+- OneRowRelation


-- !query
select 123456789123456789.1234567890 * 1.123456789123456789
-- !query analysis
Project [(123456789123456789.1234567890 * 1.123456789123456789) AS (123456789123456789.1234567890 * 1.123456789123456789)#x]
+- OneRowRelation


-- !query
select 123456789123456789.1234567890 * 1.123456789123456789
-- !query analysis
Project [(123456789123456789.1234567890 * 1.123456789123456789) AS (123456789123456789.1234567890 * 1.123456789123456789)#x]
+- OneRowRelation


-- !query
select 12345678912345.123456789123 / 0.000000012345678
-- !query analysis
Project [(12345678912345.123456789123 / 1.2345678E-8) AS (12345678912345.123456789123 / 1.2345678E-8)#x]
+- OneRowRelation


-- !query
select 1.0123456789012345678901234567890123456e36BD / 0.1
-- !query analysis
Project [(1012345678901234567890123456789012345.6 / 0.1) AS (1012345678901234567890123456789012345.6 / 0.1)#x]
+- OneRowRelation


-- !query
select 1.0123456789012345678901234567890123456e35BD / 1.0
-- !query analysis
Project [(101234567890123456789012345678901234.56 / 1.0) AS (101234567890123456789012345678901234.56 / 1.0)#x]
+- OneRowRelation


-- !query
select 1.0123456789012345678901234567890123456e34BD / 1.0
-- !query analysis
Project [(10123456789012345678901234567890123.456 / 1.0) AS (10123456789012345678901234567890123.456 / 1.0)#x]
+- OneRowRelation


-- !query
select 1.0123456789012345678901234567890123456e33BD / 1.0
-- !query analysis
Project [(1012345678901234567890123456789012.3456 / 1.0) AS (1012345678901234567890123456789012.3456 / 1.0)#x]
+- OneRowRelation


-- !query
select 1.0123456789012345678901234567890123456e32BD / 1.0
-- !query analysis
Project [(101234567890123456789012345678901.23456 / 1.0) AS (101234567890123456789012345678901.23456 / 1.0)#x]
+- OneRowRelation


-- !query
select 1.0123456789012345678901234567890123456e31BD / 1.0
-- !query analysis
Project [(10123456789012345678901234567890.123456 / 1.0) AS (10123456789012345678901234567890.123456 / 1.0)#x]
+- OneRowRelation


-- !query
select 1.0123456789012345678901234567890123456e31BD / 0.1
-- !query analysis
Project [(10123456789012345678901234567890.123456 / 0.1) AS (10123456789012345678901234567890.123456 / 0.1)#x]
+- OneRowRelation


-- !query
select 1.0123456789012345678901234567890123456e31BD / 10.0
-- !query analysis
Project [(10123456789012345678901234567890.123456 / 10.0) AS (10123456789012345678901234567890.123456 / 10.0)#x]
+- OneRowRelation


-- !query
drop table decimals_test
-- !query analysis
DropTable false, false
+- ResolvedIdentifier V2SessionCatalog(spark_catalog), default.decimals_test
