-- Automatically generated by SQLQueryTestSuite
-- !query
CREATE TEMPORARY VIEW t AS SELECT 1
-- !query schema
struct<>
-- !query output



-- !query
SELECT true = cast(1 as tinyint) FROM t
-- !query schema
struct<(true = CAST(1 AS TINYINT)):boolean>
-- !query output
true


-- !query
SELECT true = cast(1 as smallint) FROM t
-- !query schema
struct<(true = CAST(1 AS SMALLINT)):boolean>
-- !query output
true


-- !query
SELECT true = cast(1 as int) FROM t
-- !query schema
struct<(true = CAST(1 AS INT)):boolean>
-- !query output
true


-- !query
SELECT true = cast(1 as bigint) FROM t
-- !query schema
struct<(true = CAST(1 AS BIGINT)):boolean>
-- !query output
true


-- !query
SELECT true = cast(1 as float) FROM t
-- !query schema
struct<(true = CAST(1 AS FLOAT)):boolean>
-- !query output
true


-- !query
SELECT true = cast(1 as double) FROM t
-- !query schema
struct<(true = CAST(1 AS DOUBLE)):boolean>
-- !query output
true


-- !query
SELECT true = cast(1 as decimal(10, 0)) FROM t
-- !query schema
struct<(true = CAST(1 AS DECIMAL(10,0))):boolean>
-- !query output
true


-- !query
SELECT true = cast(1 as string) FROM t
-- !query schema
struct<(true = CAST(1 AS STRING)):boolean>
-- !query output
true


-- !query
SELECT true = cast('1' as binary) FROM t
-- !query schema
struct<>
-- !query output
org.apache.spark.sql.catalyst.ExtendedAnalysisException
{
  "errorClass" : "DATATYPE_MISMATCH.BINARY_OP_DIFF_TYPES",
  "sqlState" : "42K09",
  "messageParameters" : {
    "left" : "\"BOOLEAN\"",
    "right" : "\"BINARY\"",
    "sqlExpr" : "\"(true = CAST(1 AS BINARY))\""
  },
  "queryContext" : [ {
    "objectType" : "",
    "objectName" : "",
    "startIndex" : 8,
    "stopIndex" : 33,
    "fragment" : "true = cast('1' as binary)"
  } ]
}


-- !query
SELECT true = cast(1 as boolean) FROM t
-- !query schema
struct<(true = CAST(1 AS BOOLEAN)):boolean>
-- !query output
true


-- !query
SELECT true = cast('2017-12-11 09:30:00.0' as timestamp) FROM t
-- !query schema
struct<>
-- !query output
org.apache.spark.sql.catalyst.ExtendedAnalysisException
{
  "errorClass" : "DATATYPE_MISMATCH.BINARY_OP_DIFF_TYPES",
  "sqlState" : "42K09",
  "messageParameters" : {
    "left" : "\"BOOLEAN\"",
    "right" : "\"TIMESTAMP\"",
    "sqlExpr" : "\"(true = CAST(2017-12-11 09:30:00.0 AS TIMESTAMP))\""
  },
  "queryContext" : [ {
    "objectType" : "",
    "objectName" : "",
    "startIndex" : 8,
    "stopIndex" : 56,
    "fragment" : "true = cast('2017-12-11 09:30:00.0' as timestamp)"
  } ]
}


-- !query
SELECT true = cast('2017-12-11 09:30:00' as date) FROM t
-- !query schema
struct<>
-- !query output
org.apache.spark.sql.catalyst.ExtendedAnalysisException
{
  "errorClass" : "DATATYPE_MISMATCH.BINARY_OP_DIFF_TYPES",
  "sqlState" : "42K09",
  "messageParameters" : {
    "left" : "\"BOOLEAN\"",
    "right" : "\"DATE\"",
    "sqlExpr" : "\"(true = CAST(2017-12-11 09:30:00 AS DATE))\""
  },
  "queryContext" : [ {
    "objectType" : "",
    "objectName" : "",
    "startIndex" : 8,
    "stopIndex" : 49,
    "fragment" : "true = cast('2017-12-11 09:30:00' as date)"
  } ]
}


-- !query
SELECT true <=> cast(1 as tinyint) FROM t
-- !query schema
struct<(true <=> CAST(1 AS TINYINT)):boolean>
-- !query output
true


-- !query
SELECT true <=> cast(1 as smallint) FROM t
-- !query schema
struct<(true <=> CAST(1 AS SMALLINT)):boolean>
-- !query output
true


-- !query
SELECT true <=> cast(1 as int) FROM t
-- !query schema
struct<(true <=> CAST(1 AS INT)):boolean>
-- !query output
true


-- !query
SELECT true <=> cast(1 as bigint) FROM t
-- !query schema
struct<(true <=> CAST(1 AS BIGINT)):boolean>
-- !query output
true


-- !query
SELECT true <=> cast(1 as float) FROM t
-- !query schema
struct<(true <=> CAST(1 AS FLOAT)):boolean>
-- !query output
true


-- !query
SELECT true <=> cast(1 as double) FROM t
-- !query schema
struct<(true <=> CAST(1 AS DOUBLE)):boolean>
-- !query output
true


-- !query
SELECT true <=> cast(1 as decimal(10, 0)) FROM t
-- !query schema
struct<(true <=> CAST(1 AS DECIMAL(10,0))):boolean>
-- !query output
true


-- !query
SELECT true <=> cast(1 as string) FROM t
-- !query schema
struct<(true <=> CAST(1 AS STRING)):boolean>
-- !query output
true


-- !query
SELECT true <=> cast('1' as binary) FROM t
-- !query schema
struct<>
-- !query output
org.apache.spark.sql.catalyst.ExtendedAnalysisException
{
  "errorClass" : "DATATYPE_MISMATCH.BINARY_OP_DIFF_TYPES",
  "sqlState" : "42K09",
  "messageParameters" : {
    "left" : "\"BOOLEAN\"",
    "right" : "\"BINARY\"",
    "sqlExpr" : "\"(true <=> CAST(1 AS BINARY))\""
  },
  "queryContext" : [ {
    "objectType" : "",
    "objectName" : "",
    "startIndex" : 8,
    "stopIndex" : 35,
    "fragment" : "true <=> cast('1' as binary)"
  } ]
}


-- !query
SELECT true <=> cast(1 as boolean) FROM t
-- !query schema
struct<(true <=> CAST(1 AS BOOLEAN)):boolean>
-- !query output
true


-- !query
SELECT true <=> cast('2017-12-11 09:30:00.0' as timestamp) FROM t
-- !query schema
struct<>
-- !query output
org.apache.spark.sql.catalyst.ExtendedAnalysisException
{
  "errorClass" : "DATATYPE_MISMATCH.BINARY_OP_DIFF_TYPES",
  "sqlState" : "42K09",
  "messageParameters" : {
    "left" : "\"BOOLEAN\"",
    "right" : "\"TIMESTAMP\"",
    "sqlExpr" : "\"(true <=> CAST(2017-12-11 09:30:00.0 AS TIMESTAMP))\""
  },
  "queryContext" : [ {
    "objectType" : "",
    "objectName" : "",
    "startIndex" : 8,
    "stopIndex" : 58,
    "fragment" : "true <=> cast('2017-12-11 09:30:00.0' as timestamp)"
  } ]
}


-- !query
SELECT true <=> cast('2017-12-11 09:30:00' as date) FROM t
-- !query schema
struct<>
-- !query output
org.apache.spark.sql.catalyst.ExtendedAnalysisException
{
  "errorClass" : "DATATYPE_MISMATCH.BINARY_OP_DIFF_TYPES",
  "sqlState" : "42K09",
  "messageParameters" : {
    "left" : "\"BOOLEAN\"",
    "right" : "\"DATE\"",
    "sqlExpr" : "\"(true <=> CAST(2017-12-11 09:30:00 AS DATE))\""
  },
  "queryContext" : [ {
    "objectType" : "",
    "objectName" : "",
    "startIndex" : 8,
    "stopIndex" : 51,
    "fragment" : "true <=> cast('2017-12-11 09:30:00' as date)"
  } ]
}


-- !query
SELECT cast(1 as tinyint) = true FROM t
-- !query schema
struct<(CAST(1 AS TINYINT) = true):boolean>
-- !query output
true


-- !query
SELECT cast(1 as smallint) = true FROM t
-- !query schema
struct<(CAST(1 AS SMALLINT) = true):boolean>
-- !query output
true


-- !query
SELECT cast(1 as int) = true FROM t
-- !query schema
struct<(CAST(1 AS INT) = true):boolean>
-- !query output
true


-- !query
SELECT cast(1 as bigint) = true FROM t
-- !query schema
struct<(CAST(1 AS BIGINT) = true):boolean>
-- !query output
true


-- !query
SELECT cast(1 as float) = true FROM t
-- !query schema
struct<(CAST(1 AS FLOAT) = true):boolean>
-- !query output
true


-- !query
SELECT cast(1 as double) = true FROM t
-- !query schema
struct<(CAST(1 AS DOUBLE) = true):boolean>
-- !query output
true


-- !query
SELECT cast(1 as decimal(10, 0)) = true FROM t
-- !query schema
struct<(CAST(1 AS DECIMAL(10,0)) = true):boolean>
-- !query output
true


-- !query
SELECT cast(1 as string) = true FROM t
-- !query schema
struct<(CAST(1 AS STRING) = true):boolean>
-- !query output
true


-- !query
SELECT cast('1' as binary) = true FROM t
-- !query schema
struct<>
-- !query output
org.apache.spark.sql.catalyst.ExtendedAnalysisException
{
  "errorClass" : "DATATYPE_MISMATCH.BINARY_OP_DIFF_TYPES",
  "sqlState" : "42K09",
  "messageParameters" : {
    "left" : "\"BINARY\"",
    "right" : "\"BOOLEAN\"",
    "sqlExpr" : "\"(CAST(1 AS BINARY) = true)\""
  },
  "queryContext" : [ {
    "objectType" : "",
    "objectName" : "",
    "startIndex" : 8,
    "stopIndex" : 33,
    "fragment" : "cast('1' as binary) = true"
  } ]
}


-- !query
SELECT cast(1 as boolean) = true FROM t
-- !query schema
struct<(CAST(1 AS BOOLEAN) = true):boolean>
-- !query output
true


-- !query
SELECT cast('2017-12-11 09:30:00.0' as timestamp) = true FROM t
-- !query schema
struct<>
-- !query output
org.apache.spark.sql.catalyst.ExtendedAnalysisException
{
  "errorClass" : "DATATYPE_MISMATCH.BINARY_OP_DIFF_TYPES",
  "sqlState" : "42K09",
  "messageParameters" : {
    "left" : "\"TIMESTAMP\"",
    "right" : "\"BOOLEAN\"",
    "sqlExpr" : "\"(CAST(2017-12-11 09:30:00.0 AS TIMESTAMP) = true)\""
  },
  "queryContext" : [ {
    "objectType" : "",
    "objectName" : "",
    "startIndex" : 8,
    "stopIndex" : 56,
    "fragment" : "cast('2017-12-11 09:30:00.0' as timestamp) = true"
  } ]
}


-- !query
SELECT cast('2017-12-11 09:30:00' as date) = true FROM t
-- !query schema
struct<>
-- !query output
org.apache.spark.sql.catalyst.ExtendedAnalysisException
{
  "errorClass" : "DATATYPE_MISMATCH.BINARY_OP_DIFF_TYPES",
  "sqlState" : "42K09",
  "messageParameters" : {
    "left" : "\"DATE\"",
    "right" : "\"BOOLEAN\"",
    "sqlExpr" : "\"(CAST(2017-12-11 09:30:00 AS DATE) = true)\""
  },
  "queryContext" : [ {
    "objectType" : "",
    "objectName" : "",
    "startIndex" : 8,
    "stopIndex" : 49,
    "fragment" : "cast('2017-12-11 09:30:00' as date) = true"
  } ]
}


-- !query
SELECT cast(1 as tinyint) <=> true FROM t
-- !query schema
struct<(CAST(1 AS TINYINT) <=> true):boolean>
-- !query output
true


-- !query
SELECT cast(1 as smallint) <=> true FROM t
-- !query schema
struct<(CAST(1 AS SMALLINT) <=> true):boolean>
-- !query output
true


-- !query
SELECT cast(1 as int) <=> true FROM t
-- !query schema
struct<(CAST(1 AS INT) <=> true):boolean>
-- !query output
true


-- !query
SELECT cast(1 as bigint) <=> true FROM t
-- !query schema
struct<(CAST(1 AS BIGINT) <=> true):boolean>
-- !query output
true


-- !query
SELECT cast(1 as float) <=> true FROM t
-- !query schema
struct<(CAST(1 AS FLOAT) <=> true):boolean>
-- !query output
true


-- !query
SELECT cast(1 as double) <=> true FROM t
-- !query schema
struct<(CAST(1 AS DOUBLE) <=> true):boolean>
-- !query output
true


-- !query
SELECT cast(1 as decimal(10, 0)) <=> true FROM t
-- !query schema
struct<(CAST(1 AS DECIMAL(10,0)) <=> true):boolean>
-- !query output
true


-- !query
SELECT cast(1 as string) <=> true FROM t
-- !query schema
struct<(CAST(1 AS STRING) <=> true):boolean>
-- !query output
true


-- !query
SELECT cast('1' as binary) <=> true FROM t
-- !query schema
struct<>
-- !query output
org.apache.spark.sql.catalyst.ExtendedAnalysisException
{
  "errorClass" : "DATATYPE_MISMATCH.BINARY_OP_DIFF_TYPES",
  "sqlState" : "42K09",
  "messageParameters" : {
    "left" : "\"BINARY\"",
    "right" : "\"BOOLEAN\"",
    "sqlExpr" : "\"(CAST(1 AS BINARY) <=> true)\""
  },
  "queryContext" : [ {
    "objectType" : "",
    "objectName" : "",
    "startIndex" : 8,
    "stopIndex" : 35,
    "fragment" : "cast('1' as binary) <=> true"
  } ]
}


-- !query
SELECT cast(1 as boolean) <=> true FROM t
-- !query schema
struct<(CAST(1 AS BOOLEAN) <=> true):boolean>
-- !query output
true


-- !query
SELECT cast('2017-12-11 09:30:00.0' as timestamp) <=> true FROM t
-- !query schema
struct<>
-- !query output
org.apache.spark.sql.catalyst.ExtendedAnalysisException
{
  "errorClass" : "DATATYPE_MISMATCH.BINARY_OP_DIFF_TYPES",
  "sqlState" : "42K09",
  "messageParameters" : {
    "left" : "\"TIMESTAMP\"",
    "right" : "\"BOOLEAN\"",
    "sqlExpr" : "\"(CAST(2017-12-11 09:30:00.0 AS TIMESTAMP) <=> true)\""
  },
  "queryContext" : [ {
    "objectType" : "",
    "objectName" : "",
    "startIndex" : 8,
    "stopIndex" : 58,
    "fragment" : "cast('2017-12-11 09:30:00.0' as timestamp) <=> true"
  } ]
}


-- !query
SELECT cast('2017-12-11 09:30:00' as date) <=> true FROM t
-- !query schema
struct<>
-- !query output
org.apache.spark.sql.catalyst.ExtendedAnalysisException
{
  "errorClass" : "DATATYPE_MISMATCH.BINARY_OP_DIFF_TYPES",
  "sqlState" : "42K09",
  "messageParameters" : {
    "left" : "\"DATE\"",
    "right" : "\"BOOLEAN\"",
    "sqlExpr" : "\"(CAST(2017-12-11 09:30:00 AS DATE) <=> true)\""
  },
  "queryContext" : [ {
    "objectType" : "",
    "objectName" : "",
    "startIndex" : 8,
    "stopIndex" : 51,
    "fragment" : "cast('2017-12-11 09:30:00' as date) <=> true"
  } ]
}


-- !query
SELECT false = cast(0 as tinyint) FROM t
-- !query schema
struct<(false = CAST(0 AS TINYINT)):boolean>
-- !query output
true


-- !query
SELECT false = cast(0 as smallint) FROM t
-- !query schema
struct<(false = CAST(0 AS SMALLINT)):boolean>
-- !query output
true


-- !query
SELECT false = cast(0 as int) FROM t
-- !query schema
struct<(false = CAST(0 AS INT)):boolean>
-- !query output
true


-- !query
SELECT false = cast(0 as bigint) FROM t
-- !query schema
struct<(false = CAST(0 AS BIGINT)):boolean>
-- !query output
true


-- !query
SELECT false = cast(0 as float) FROM t
-- !query schema
struct<(false = CAST(0 AS FLOAT)):boolean>
-- !query output
true


-- !query
SELECT false = cast(0 as double) FROM t
-- !query schema
struct<(false = CAST(0 AS DOUBLE)):boolean>
-- !query output
true


-- !query
SELECT false = cast(0 as decimal(10, 0)) FROM t
-- !query schema
struct<(false = CAST(0 AS DECIMAL(10,0))):boolean>
-- !query output
true


-- !query
SELECT false = cast(0 as string) FROM t
-- !query schema
struct<(false = CAST(0 AS STRING)):boolean>
-- !query output
true


-- !query
SELECT false = cast('0' as binary) FROM t
-- !query schema
struct<>
-- !query output
org.apache.spark.sql.catalyst.ExtendedAnalysisException
{
  "errorClass" : "DATATYPE_MISMATCH.BINARY_OP_DIFF_TYPES",
  "sqlState" : "42K09",
  "messageParameters" : {
    "left" : "\"BOOLEAN\"",
    "right" : "\"BINARY\"",
    "sqlExpr" : "\"(false = CAST(0 AS BINARY))\""
  },
  "queryContext" : [ {
    "objectType" : "",
    "objectName" : "",
    "startIndex" : 8,
    "stopIndex" : 34,
    "fragment" : "false = cast('0' as binary)"
  } ]
}


-- !query
SELECT false = cast(0 as boolean) FROM t
-- !query schema
struct<(false = CAST(0 AS BOOLEAN)):boolean>
-- !query output
true


-- !query
SELECT false = cast('2017-12-11 09:30:00.0' as timestamp) FROM t
-- !query schema
struct<>
-- !query output
org.apache.spark.sql.catalyst.ExtendedAnalysisException
{
  "errorClass" : "DATATYPE_MISMATCH.BINARY_OP_DIFF_TYPES",
  "sqlState" : "42K09",
  "messageParameters" : {
    "left" : "\"BOOLEAN\"",
    "right" : "\"TIMESTAMP\"",
    "sqlExpr" : "\"(false = CAST(2017-12-11 09:30:00.0 AS TIMESTAMP))\""
  },
  "queryContext" : [ {
    "objectType" : "",
    "objectName" : "",
    "startIndex" : 8,
    "stopIndex" : 57,
    "fragment" : "false = cast('2017-12-11 09:30:00.0' as timestamp)"
  } ]
}


-- !query
SELECT false = cast('2017-12-11 09:30:00' as date) FROM t
-- !query schema
struct<>
-- !query output
org.apache.spark.sql.catalyst.ExtendedAnalysisException
{
  "errorClass" : "DATATYPE_MISMATCH.BINARY_OP_DIFF_TYPES",
  "sqlState" : "42K09",
  "messageParameters" : {
    "left" : "\"BOOLEAN\"",
    "right" : "\"DATE\"",
    "sqlExpr" : "\"(false = CAST(2017-12-11 09:30:00 AS DATE))\""
  },
  "queryContext" : [ {
    "objectType" : "",
    "objectName" : "",
    "startIndex" : 8,
    "stopIndex" : 50,
    "fragment" : "false = cast('2017-12-11 09:30:00' as date)"
  } ]
}


-- !query
SELECT false <=> cast(0 as tinyint) FROM t
-- !query schema
struct<(false <=> CAST(0 AS TINYINT)):boolean>
-- !query output
true


-- !query
SELECT false <=> cast(0 as smallint) FROM t
-- !query schema
struct<(false <=> CAST(0 AS SMALLINT)):boolean>
-- !query output
true


-- !query
SELECT false <=> cast(0 as int) FROM t
-- !query schema
struct<(false <=> CAST(0 AS INT)):boolean>
-- !query output
true


-- !query
SELECT false <=> cast(0 as bigint) FROM t
-- !query schema
struct<(false <=> CAST(0 AS BIGINT)):boolean>
-- !query output
true


-- !query
SELECT false <=> cast(0 as float) FROM t
-- !query schema
struct<(false <=> CAST(0 AS FLOAT)):boolean>
-- !query output
true


-- !query
SELECT false <=> cast(0 as double) FROM t
-- !query schema
struct<(false <=> CAST(0 AS DOUBLE)):boolean>
-- !query output
true


-- !query
SELECT false <=> cast(0 as decimal(10, 0)) FROM t
-- !query schema
struct<(false <=> CAST(0 AS DECIMAL(10,0))):boolean>
-- !query output
true


-- !query
SELECT false <=> cast(0 as string) FROM t
-- !query schema
struct<(false <=> CAST(0 AS STRING)):boolean>
-- !query output
true


-- !query
SELECT false <=> cast('0' as binary) FROM t
-- !query schema
struct<>
-- !query output
org.apache.spark.sql.catalyst.ExtendedAnalysisException
{
  "errorClass" : "DATATYPE_MISMATCH.BINARY_OP_DIFF_TYPES",
  "sqlState" : "42K09",
  "messageParameters" : {
    "left" : "\"BOOLEAN\"",
    "right" : "\"BINARY\"",
    "sqlExpr" : "\"(false <=> CAST(0 AS BINARY))\""
  },
  "queryContext" : [ {
    "objectType" : "",
    "objectName" : "",
    "startIndex" : 8,
    "stopIndex" : 36,
    "fragment" : "false <=> cast('0' as binary)"
  } ]
}


-- !query
SELECT false <=> cast(0 as boolean) FROM t
-- !query schema
struct<(false <=> CAST(0 AS BOOLEAN)):boolean>
-- !query output
true


-- !query
SELECT false <=> cast('2017-12-11 09:30:00.0' as timestamp) FROM t
-- !query schema
struct<>
-- !query output
org.apache.spark.sql.catalyst.ExtendedAnalysisException
{
  "errorClass" : "DATATYPE_MISMATCH.BINARY_OP_DIFF_TYPES",
  "sqlState" : "42K09",
  "messageParameters" : {
    "left" : "\"BOOLEAN\"",
    "right" : "\"TIMESTAMP\"",
    "sqlExpr" : "\"(false <=> CAST(2017-12-11 09:30:00.0 AS TIMESTAMP))\""
  },
  "queryContext" : [ {
    "objectType" : "",
    "objectName" : "",
    "startIndex" : 8,
    "stopIndex" : 59,
    "fragment" : "false <=> cast('2017-12-11 09:30:00.0' as timestamp)"
  } ]
}


-- !query
SELECT false <=> cast('2017-12-11 09:30:00' as date) FROM t
-- !query schema
struct<>
-- !query output
org.apache.spark.sql.catalyst.ExtendedAnalysisException
{
  "errorClass" : "DATATYPE_MISMATCH.BINARY_OP_DIFF_TYPES",
  "sqlState" : "42K09",
  "messageParameters" : {
    "left" : "\"BOOLEAN\"",
    "right" : "\"DATE\"",
    "sqlExpr" : "\"(false <=> CAST(2017-12-11 09:30:00 AS DATE))\""
  },
  "queryContext" : [ {
    "objectType" : "",
    "objectName" : "",
    "startIndex" : 8,
    "stopIndex" : 52,
    "fragment" : "false <=> cast('2017-12-11 09:30:00' as date)"
  } ]
}


-- !query
SELECT cast(0 as tinyint) = false FROM t
-- !query schema
struct<(CAST(0 AS TINYINT) = false):boolean>
-- !query output
true


-- !query
SELECT cast(0 as smallint) = false FROM t
-- !query schema
struct<(CAST(0 AS SMALLINT) = false):boolean>
-- !query output
true


-- !query
SELECT cast(0 as int) = false FROM t
-- !query schema
struct<(CAST(0 AS INT) = false):boolean>
-- !query output
true


-- !query
SELECT cast(0 as bigint) = false FROM t
-- !query schema
struct<(CAST(0 AS BIGINT) = false):boolean>
-- !query output
true


-- !query
SELECT cast(0 as float) = false FROM t
-- !query schema
struct<(CAST(0 AS FLOAT) = false):boolean>
-- !query output
true


-- !query
SELECT cast(0 as double) = false FROM t
-- !query schema
struct<(CAST(0 AS DOUBLE) = false):boolean>
-- !query output
true


-- !query
SELECT cast(0 as decimal(10, 0)) = false FROM t
-- !query schema
struct<(CAST(0 AS DECIMAL(10,0)) = false):boolean>
-- !query output
true


-- !query
SELECT cast(0 as string) = false FROM t
-- !query schema
struct<(CAST(0 AS STRING) = false):boolean>
-- !query output
true


-- !query
SELECT cast('0' as binary) = false FROM t
-- !query schema
struct<>
-- !query output
org.apache.spark.sql.catalyst.ExtendedAnalysisException
{
  "errorClass" : "DATATYPE_MISMATCH.BINARY_OP_DIFF_TYPES",
  "sqlState" : "42K09",
  "messageParameters" : {
    "left" : "\"BINARY\"",
    "right" : "\"BOOLEAN\"",
    "sqlExpr" : "\"(CAST(0 AS BINARY) = false)\""
  },
  "queryContext" : [ {
    "objectType" : "",
    "objectName" : "",
    "startIndex" : 8,
    "stopIndex" : 34,
    "fragment" : "cast('0' as binary) = false"
  } ]
}


-- !query
SELECT cast(0 as boolean) = false FROM t
-- !query schema
struct<(CAST(0 AS BOOLEAN) = false):boolean>
-- !query output
true


-- !query
SELECT cast('2017-12-11 09:30:00.0' as timestamp) = false FROM t
-- !query schema
struct<>
-- !query output
org.apache.spark.sql.catalyst.ExtendedAnalysisException
{
  "errorClass" : "DATATYPE_MISMATCH.BINARY_OP_DIFF_TYPES",
  "sqlState" : "42K09",
  "messageParameters" : {
    "left" : "\"TIMESTAMP\"",
    "right" : "\"BOOLEAN\"",
    "sqlExpr" : "\"(CAST(2017-12-11 09:30:00.0 AS TIMESTAMP) = false)\""
  },
  "queryContext" : [ {
    "objectType" : "",
    "objectName" : "",
    "startIndex" : 8,
    "stopIndex" : 57,
    "fragment" : "cast('2017-12-11 09:30:00.0' as timestamp) = false"
  } ]
}


-- !query
SELECT cast('2017-12-11 09:30:00' as date) = false FROM t
-- !query schema
struct<>
-- !query output
org.apache.spark.sql.catalyst.ExtendedAnalysisException
{
  "errorClass" : "DATATYPE_MISMATCH.BINARY_OP_DIFF_TYPES",
  "sqlState" : "42K09",
  "messageParameters" : {
    "left" : "\"DATE\"",
    "right" : "\"BOOLEAN\"",
    "sqlExpr" : "\"(CAST(2017-12-11 09:30:00 AS DATE) = false)\""
  },
  "queryContext" : [ {
    "objectType" : "",
    "objectName" : "",
    "startIndex" : 8,
    "stopIndex" : 50,
    "fragment" : "cast('2017-12-11 09:30:00' as date) = false"
  } ]
}


-- !query
SELECT cast(0 as tinyint) <=> false FROM t
-- !query schema
struct<(CAST(0 AS TINYINT) <=> false):boolean>
-- !query output
true


-- !query
SELECT cast(0 as smallint) <=> false FROM t
-- !query schema
struct<(CAST(0 AS SMALLINT) <=> false):boolean>
-- !query output
true


-- !query
SELECT cast(0 as int) <=> false FROM t
-- !query schema
struct<(CAST(0 AS INT) <=> false):boolean>
-- !query output
true


-- !query
SELECT cast(0 as bigint) <=> false FROM t
-- !query schema
struct<(CAST(0 AS BIGINT) <=> false):boolean>
-- !query output
true


-- !query
SELECT cast(0 as float) <=> false FROM t
-- !query schema
struct<(CAST(0 AS FLOAT) <=> false):boolean>
-- !query output
true


-- !query
SELECT cast(0 as double) <=> false FROM t
-- !query schema
struct<(CAST(0 AS DOUBLE) <=> false):boolean>
-- !query output
true


-- !query
SELECT cast(0 as decimal(10, 0)) <=> false FROM t
-- !query schema
struct<(CAST(0 AS DECIMAL(10,0)) <=> false):boolean>
-- !query output
true


-- !query
SELECT cast(0 as string) <=> false FROM t
-- !query schema
struct<(CAST(0 AS STRING) <=> false):boolean>
-- !query output
true


-- !query
SELECT cast('0' as binary) <=> false FROM t
-- !query schema
struct<>
-- !query output
org.apache.spark.sql.catalyst.ExtendedAnalysisException
{
  "errorClass" : "DATATYPE_MISMATCH.BINARY_OP_DIFF_TYPES",
  "sqlState" : "42K09",
  "messageParameters" : {
    "left" : "\"BINARY\"",
    "right" : "\"BOOLEAN\"",
    "sqlExpr" : "\"(CAST(0 AS BINARY) <=> false)\""
  },
  "queryContext" : [ {
    "objectType" : "",
    "objectName" : "",
    "startIndex" : 8,
    "stopIndex" : 36,
    "fragment" : "cast('0' as binary) <=> false"
  } ]
}


-- !query
SELECT cast(0 as boolean) <=> false FROM t
-- !query schema
struct<(CAST(0 AS BOOLEAN) <=> false):boolean>
-- !query output
true


-- !query
SELECT cast('2017-12-11 09:30:00.0' as timestamp) <=> false FROM t
-- !query schema
struct<>
-- !query output
org.apache.spark.sql.catalyst.ExtendedAnalysisException
{
  "errorClass" : "DATATYPE_MISMATCH.BINARY_OP_DIFF_TYPES",
  "sqlState" : "42K09",
  "messageParameters" : {
    "left" : "\"TIMESTAMP\"",
    "right" : "\"BOOLEAN\"",
    "sqlExpr" : "\"(CAST(2017-12-11 09:30:00.0 AS TIMESTAMP) <=> false)\""
  },
  "queryContext" : [ {
    "objectType" : "",
    "objectName" : "",
    "startIndex" : 8,
    "stopIndex" : 59,
    "fragment" : "cast('2017-12-11 09:30:00.0' as timestamp) <=> false"
  } ]
}


-- !query
SELECT cast('2017-12-11 09:30:00' as date) <=> false FROM t
-- !query schema
struct<>
-- !query output
org.apache.spark.sql.catalyst.ExtendedAnalysisException
{
  "errorClass" : "DATATYPE_MISMATCH.BINARY_OP_DIFF_TYPES",
  "sqlState" : "42K09",
  "messageParameters" : {
    "left" : "\"DATE\"",
    "right" : "\"BOOLEAN\"",
    "sqlExpr" : "\"(CAST(2017-12-11 09:30:00 AS DATE) <=> false)\""
  },
  "queryContext" : [ {
    "objectType" : "",
    "objectName" : "",
    "startIndex" : 8,
    "stopIndex" : 52,
    "fragment" : "cast('2017-12-11 09:30:00' as date) <=> false"
  } ]
}
