-- Automatically generated by SQLQueryTestSuite
-- !query
CREATE TABLE test_change(a INT, b STRING, c INT) using parquet
-- !query schema
struct<>
-- !query output



-- !query
DESC test_change
-- !query schema
struct<col_name:string,data_type:string,comment:string>
-- !query output
a                   	int                 	                    
b                   	string              	                    
c                   	int


-- !query
ALTER TABLE test_change CHANGE a
-- !query schema
struct<>
-- !query output
org.apache.spark.sql.catalyst.parser.ParseException
{
  "errorClass" : "_LEGACY_ERROR_TEMP_0035",
  "messageParameters" : {
    "message" : "ALTER TABLE table CHANGE COLUMN requires a TYPE, a SET/DROP, a COMMENT, or a FIRST/AFTER"
  },
  "queryContext" : [ {
    "objectType" : "",
    "objectName" : "",
    "startIndex" : 1,
    "stopIndex" : 32,
    "fragment" : "ALTER TABLE test_change CHANGE a"
  } ]
}


-- !query
DESC test_change
-- !query schema
struct<col_name:string,data_type:string,comment:string>
-- !query output
a                   	int                 	                    
b                   	string              	                    
c                   	int


-- !query
ALTER TABLE test_change RENAME COLUMN a TO a1
-- !query schema
struct<>
-- !query output
org.apache.spark.sql.AnalysisException
{
  "errorClass" : "UNSUPPORTED_FEATURE.TABLE_OPERATION",
  "sqlState" : "0A000",
  "messageParameters" : {
    "operation" : "RENAME COLUMN",
    "tableName" : "`spark_catalog`.`default`.`test_change`"
  }
}


-- !query
DESC test_change
-- !query schema
struct<col_name:string,data_type:string,comment:string>
-- !query output
a                   	int                 	                    
b                   	string              	                    
c                   	int


-- !query
ALTER TABLE test_change CHANGE a TYPE STRING
-- !query schema
struct<>
-- !query output
org.apache.spark.sql.AnalysisException
{
  "errorClass" : "NOT_SUPPORTED_CHANGE_COLUMN",
  "messageParameters" : {
    "newName" : "`a`",
    "newType" : "\"STRING\"",
    "originName" : "`a`",
    "originType" : "\"INT\"",
    "table" : "`spark_catalog`.`default`.`test_change`"
  }
}


-- !query
DESC test_change
-- !query schema
struct<col_name:string,data_type:string,comment:string>
-- !query output
a                   	int                 	                    
b                   	string              	                    
c                   	int


-- !query
ALTER TABLE test_change CHANGE a AFTER b
-- !query schema
struct<>
-- !query output
org.apache.spark.sql.AnalysisException
{
  "errorClass" : "UNSUPPORTED_FEATURE.TABLE_OPERATION",
  "sqlState" : "0A000",
  "messageParameters" : {
    "operation" : "ALTER COLUMN ... FIRST | ALTER",
    "tableName" : "`spark_catalog`.`default`.`test_change`"
  }
}


-- !query
ALTER TABLE test_change CHANGE b FIRST
-- !query schema
struct<>
-- !query output
org.apache.spark.sql.AnalysisException
{
  "errorClass" : "UNSUPPORTED_FEATURE.TABLE_OPERATION",
  "sqlState" : "0A000",
  "messageParameters" : {
    "operation" : "ALTER COLUMN ... FIRST | ALTER",
    "tableName" : "`spark_catalog`.`default`.`test_change`"
  }
}


-- !query
DESC test_change
-- !query schema
struct<col_name:string,data_type:string,comment:string>
-- !query output
a                   	int                 	                    
b                   	string              	                    
c                   	int


-- !query
ALTER TABLE test_change CHANGE a COMMENT 'this is column a'
-- !query schema
struct<>
-- !query output



-- !query
ALTER TABLE test_change CHANGE b COMMENT '#*02?`'
-- !query schema
struct<>
-- !query output



-- !query
ALTER TABLE test_change CHANGE c COMMENT ''
-- !query schema
struct<>
-- !query output



-- !query
DESC test_change
-- !query schema
struct<col_name:string,data_type:string,comment:string>
-- !query output
a                   	int                 	this is column a    
b                   	string              	#*02?`              
c                   	int


-- !query
ALTER TABLE test_change CHANGE a TYPE INT
-- !query schema
struct<>
-- !query output



-- !query
ALTER TABLE test_change CHANGE a COMMENT 'this is column a'
-- !query schema
struct<>
-- !query output



-- !query
DESC test_change
-- !query schema
struct<col_name:string,data_type:string,comment:string>
-- !query output
a                   	int                 	this is column a    
b                   	string              	#*02?`              
c                   	int


-- !query
ALTER TABLE test_change CHANGE invalid_col TYPE INT
-- !query schema
struct<>
-- !query output
org.apache.spark.sql.AnalysisException
{
  "errorClass" : "_LEGACY_ERROR_TEMP_1331",
  "messageParameters" : {
    "fieldName" : "invalid_col",
    "schema" : "root\n |-- a: integer (nullable = true)\n |-- b: string (nullable = true)\n |-- c: integer (nullable = true)\n",
    "table" : "spark_catalog.default.test_change"
  },
  "queryContext" : [ {
    "objectType" : "",
    "objectName" : "",
    "startIndex" : 1,
    "stopIndex" : 51,
    "fragment" : "ALTER TABLE test_change CHANGE invalid_col TYPE INT"
  } ]
}


-- !query
DESC test_change
-- !query schema
struct<col_name:string,data_type:string,comment:string>
-- !query output
a                   	int                 	this is column a    
b                   	string              	#*02?`              
c                   	int


-- !query
ALTER TABLE test_change CHANGE A COMMENT 'case insensitivity'
-- !query schema
struct<>
-- !query output



-- !query
DESC test_change
-- !query schema
struct<col_name:string,data_type:string,comment:string>
-- !query output
a                   	int                 	case insensitivity  
b                   	string              	#*02?`              
c                   	int


-- !query
CREATE TEMPORARY VIEW temp_view(a, b) AS SELECT 1, "one"
-- !query schema
struct<>
-- !query output



-- !query
ALTER TABLE temp_view CHANGE a TYPE INT
-- !query schema
struct<>
-- !query output
org.apache.spark.sql.AnalysisException
{
  "errorClass" : "_LEGACY_ERROR_TEMP_1013",
  "messageParameters" : {
    "cmd" : "ALTER TABLE ... CHANGE COLUMN",
    "hintStr" : "",
    "nameParts" : "temp_view",
    "viewStr" : "temp view"
  },
  "queryContext" : [ {
    "objectType" : "",
    "objectName" : "",
    "startIndex" : 13,
    "stopIndex" : 21,
    "fragment" : "temp_view"
  } ]
}


-- !query
CREATE GLOBAL TEMPORARY VIEW global_temp_view(a, b) AS SELECT 1, "one"
-- !query schema
struct<>
-- !query output



-- !query
ALTER TABLE global_temp.global_temp_view CHANGE a TYPE INT
-- !query schema
struct<>
-- !query output
org.apache.spark.sql.AnalysisException
{
  "errorClass" : "_LEGACY_ERROR_TEMP_1013",
  "messageParameters" : {
    "cmd" : "ALTER TABLE ... CHANGE COLUMN",
    "hintStr" : "",
    "nameParts" : "global_temp.global_temp_view",
    "viewStr" : "temp view"
  },
  "queryContext" : [ {
    "objectType" : "",
    "objectName" : "",
    "startIndex" : 13,
    "stopIndex" : 40,
    "fragment" : "global_temp.global_temp_view"
  } ]
}


-- !query
DROP TABLE test_change
-- !query schema
struct<>
-- !query output



-- !query
DROP VIEW global_temp.global_temp_view
-- !query schema
struct<>
-- !query output

