-- Automatically generated by SQLQueryTestSuite
-- !query
select current_database(), current_schema(), current_catalog()
-- !query schema
struct<current_database():string,current_database():string,current_catalog():string>
-- !query output
default	default	spark_catalog
