-- Automatically generated by SQLQueryTestSuite
-- !query
SELECT * from SQL_KEYWORDS()
-- !query schema
struct<keyword:string,reserved:boolean>
-- !query output
ADD	false
AFTER	false
ALL	false
ALTER	false
ALWAYS	false
ANALYZE	false
AND	false
ANTI	false
ANY	false
ANY_VALUE	false
ARCHIVE	false
ARRAY	false
AS	false
ASC	false
AT	false
AUTHORIZATION	false
BETWEEN	false
BIGINT	false
BINARY	false
BOOLEAN	false
BOTH	false
BUCKET	false
BUCKETS	false
BY	false
BYTE	false
CACHE	false
CASCADE	false
CASE	false
CAST	false
CATALOG	false
CATALOGS	false
CHANGE	false
CHAR	false
CHARACTER	false
CHECK	false
CLEAR	false
CLUSTER	false
CLUSTERED	false
CODEGEN	false
COLLATE	false
COLLECTION	false
COLUMN	false
COLUMNS	false
COMMENT	false
COMMIT	false
COMPACT	false
COMPACTIONS	false
COMPUTE	false
CONCATENATE	false
CONSTRAINT	false
COST	false
CREATE	false
CROSS	false
CUBE	false
CURRENT	false
CURRENT_DATE	false
CURRENT_TIME	false
CURRENT_TIMESTAMP	false
CURRENT_USER	false
DATA	false
DATABASE	false
DATABASES	false
DATE	false
DATEADD	false
DATEDIFF	false
DATE_ADD	false
DATE_DIFF	false
DAY	false
DAYOFYEAR	false
DAYS	false
DBPROPERTIES	false
DEC	false
DECIMAL	false
DEFAULT	false
DEFINED	false
DELETE	false
DELIMITED	false
DESC	false
DESCRIBE	false
DFS	false
DIRECTORIES	false
DIRECTORY	false
DISTINCT	false
DISTRIBUTE	false
DIV	false
DOUBLE	false
DROP	false
ELSE	false
END	false
ESCAPE	false
ESCAPED	false
EXCEPT	false
EXCHANGE	false
EXCLUDE	false
EXISTS	false
EXPLAIN	false
EXPORT	false
EXTENDED	false
EXTERNAL	false
EXTRACT	false
FALSE	false
FETCH	false
FIELDS	false
FILEFORMAT	false
FILTER	false
FIRST	false
FLOAT	false
FOLLOWING	false
FOR	false
FOREIGN	false
FORMAT	false
FORMATTED	false
FROM	false
FULL	false
FUNCTION	false
FUNCTIONS	false
GENERATED	false
GLOBAL	false
GRANT	false
GROUP	false
GROUPING	false
HAVING	false
HOUR	false
HOURS	false
IDENTIFIER	false
IF	false
IGNORE	false
ILIKE	false
IMPORT	false
IN	false
INCLUDE	false
INDEX	false
INDEXES	false
INNER	false
INPATH	false
INPUTFORMAT	false
INSERT	false
INT	false
INTEGER	false
INTERSECT	false
INTERVAL	false
INTO	false
IS	false
ITEMS	false
JOIN	false
KEYS	false
LAST	false
LATERAL	false
LAZY	false
LEADING	false
LEFT	false
LIKE	false
LIMIT	false
LINES	false
LIST	false
LOAD	false
LOCAL	false
LOCATION	false
LOCK	false
LOCKS	false
LOGICAL	false
LONG	false
MACRO	false
MAP	false
MATCHED	false
MERGE	false
MICROSECOND	false
MICROSECONDS	false
MILLISECOND	false
MILLISECONDS	false
MINUS	false
MINUTE	false
MINUTES	false
MONTH	false
MONTHS	false
MSCK	false
NAME	false
NAMESPACE	false
NAMESPACES	false
NANOSECOND	false
NANOSECONDS	false
NATURAL	false
NO	false
NULL	false
NULLS	false
NUMERIC	false
OF	false
OFFSET	false
ON	false
ONLY	false
OPTION	false
OPTIONS	false
OR	false
ORDER	false
OUT	false
OUTER	false
OUTPUTFORMAT	false
OVER	false
OVERLAPS	false
OVERLAY	false
OVERWRITE	false
PARTITION	false
PARTITIONED	false
PARTITIONS	false
PERCENT	false
PERCENTILE_CONT	false
PERCENTILE_DISC	false
PIVOT	false
PLACING	false
POSITION	false
PRECEDING	false
PRIMARY	false
PRINCIPALS	false
PROPERTIES	false
PURGE	false
QUARTER	false
QUERY	false
RANGE	false
REAL	false
RECORDREADER	false
RECORDWRITER	false
RECOVER	false
REDUCE	false
REFERENCES	false
REFRESH	false
RENAME	false
REPAIR	false
REPEATABLE	false
REPLACE	false
RESET	false
RESPECT	false
RESTRICT	false
REVOKE	false
RIGHT	false
ROLE	false
ROLES	false
ROLLBACK	false
ROLLUP	false
ROW	false
ROWS	false
SCHEMA	false
SCHEMAS	false
SECOND	false
SECONDS	false
SELECT	false
SEMI	false
SEPARATED	false
SERDE	false
SERDEPROPERTIES	false
SESSION_USER	false
SET	false
SETS	false
SHORT	false
SHOW	false
SKEWED	false
SMALLINT	false
SOME	false
SORT	false
SORTED	false
SOURCE	false
START	false
STATISTICS	false
STORED	false
STRATIFY	false
STRING	false
STRUCT	false
SUBSTR	false
SUBSTRING	false
SYNC	false
SYSTEM_TIME	false
SYSTEM_VERSION	false
TABLE	false
TABLES	false
TABLESAMPLE	false
TARGET	false
TBLPROPERTIES	false
TERMINATED	false
THEN	false
TIME	false
TIMESTAMP	false
TIMESTAMPADD	false
TIMESTAMPDIFF	false
TIMESTAMP_LTZ	false
TIMESTAMP_NTZ	false
TINYINT	false
TO	false
TOUCH	false
TRAILING	false
TRANSACTION	false
TRANSACTIONS	false
TRANSFORM	false
TRIM	false
TRUE	false
TRUNCATE	false
TRY_CAST	false
TYPE	false
UNARCHIVE	false
UNBOUNDED	false
UNCACHE	false
UNION	false
UNIQUE	false
UNKNOWN	false
UNLOCK	false
UNPIVOT	false
UNSET	false
UPDATE	false
USE	false
USER	false
USING	false
VALUES	false
VARCHAR	false
VERSION	false
VIEW	false
VIEWS	false
VOID	false
WEEK	false
WEEKS	false
WHEN	false
WHERE	false
WINDOW	false
WITH	false
WITHIN	false
X	false
YEAR	false
YEARS	false
ZONE	false


-- !query
SELECT keyword from SQL_KEYWORDS() WHERE reserved
-- !query schema
struct<keyword:string>
-- !query output

