-- Automatically generated by SQLQueryTestSuite
-- !query
select 1 = 1
-- !query schema
struct<(1 = 1):boolean>
-- !query output
true


-- !query
select 1 = '1'
-- !query schema
struct<(1 = 1):boolean>
-- !query output
true


-- !query
select 1.0 = '1'
-- !query schema
struct<(1.0 = 1):boolean>
-- !query output
true


-- !query
select 1.5 = '1.51'
-- !query schema
struct<(1.5 = 1.51):boolean>
-- !query output
false


-- !query
select 1 > '1'
-- !query schema
struct<(1 > 1):boolean>
-- !query output
false


-- !query
select 2 > '1.0'
-- !query schema
struct<(2 > 1.0):boolean>
-- !query output
true


-- !query
select 2 > '2.0'
-- !query schema
struct<(2 > 2.0):boolean>
-- !query output
false


-- !query
select 2 > '2.2'
-- !query schema
struct<(2 > 2.2):boolean>
-- !query output
false


-- !query
select '1.5' > 0.5
-- !query schema
struct<(1.5 > 0.5):boolean>
-- !query output
true


-- !query
select to_date('2009-07-30 04:17:52') > to_date('2009-07-30 04:17:52')
-- !query schema
struct<(to_date(2009-07-30 04:17:52) > to_date(2009-07-30 04:17:52)):boolean>
-- !query output
false


-- !query
select to_date('2009-07-30 04:17:52') > '2009-07-30 04:17:52'
-- !query schema
struct<(to_date(2009-07-30 04:17:52) > 2009-07-30 04:17:52):boolean>
-- !query output
false


-- !query
select 1 >= '1'
-- !query schema
struct<(1 >= 1):boolean>
-- !query output
true


-- !query
select 2 >= '1.0'
-- !query schema
struct<(2 >= 1.0):boolean>
-- !query output
true


-- !query
select 2 >= '2.0'
-- !query schema
struct<(2 >= 2.0):boolean>
-- !query output
true


-- !query
select 2.0 >= '2.2'
-- !query schema
struct<(2.0 >= 2.2):boolean>
-- !query output
false


-- !query
select '1.5' >= 0.5
-- !query schema
struct<(1.5 >= 0.5):boolean>
-- !query output
true


-- !query
select to_date('2009-07-30 04:17:52') >= to_date('2009-07-30 04:17:52')
-- !query schema
struct<(to_date(2009-07-30 04:17:52) >= to_date(2009-07-30 04:17:52)):boolean>
-- !query output
true


-- !query
select to_date('2009-07-30 04:17:52') >= '2009-07-30 04:17:52'
-- !query schema
struct<(to_date(2009-07-30 04:17:52) >= 2009-07-30 04:17:52):boolean>
-- !query output
true


-- !query
select 1 < '1'
-- !query schema
struct<(1 < 1):boolean>
-- !query output
false


-- !query
select 2 < '1.0'
-- !query schema
struct<(2 < 1.0):boolean>
-- !query output
false


-- !query
select 2 < '2.0'
-- !query schema
struct<(2 < 2.0):boolean>
-- !query output
false


-- !query
select 2.0 < '2.2'
-- !query schema
struct<(2.0 < 2.2):boolean>
-- !query output
true


-- !query
select 0.5 < '1.5'
-- !query schema
struct<(0.5 < 1.5):boolean>
-- !query output
true


-- !query
select to_date('2009-07-30 04:17:52') < to_date('2009-07-30 04:17:52')
-- !query schema
struct<(to_date(2009-07-30 04:17:52) < to_date(2009-07-30 04:17:52)):boolean>
-- !query output
false


-- !query
select to_date('2009-07-30 04:17:52') < '2009-07-30 04:17:52'
-- !query schema
struct<(to_date(2009-07-30 04:17:52) < 2009-07-30 04:17:52):boolean>
-- !query output
false


-- !query
select 1 <= '1'
-- !query schema
struct<(1 <= 1):boolean>
-- !query output
true


-- !query
select 2 <= '1.0'
-- !query schema
struct<(2 <= 1.0):boolean>
-- !query output
false


-- !query
select 2 <= '2.0'
-- !query schema
struct<(2 <= 2.0):boolean>
-- !query output
true


-- !query
select 2.0 <= '2.2'
-- !query schema
struct<(2.0 <= 2.2):boolean>
-- !query output
true


-- !query
select 0.5 <= '1.5'
-- !query schema
struct<(0.5 <= 1.5):boolean>
-- !query output
true


-- !query
select to_date('2009-07-30 04:17:52') <= to_date('2009-07-30 04:17:52')
-- !query schema
struct<(to_date(2009-07-30 04:17:52) <= to_date(2009-07-30 04:17:52)):boolean>
-- !query output
true


-- !query
select to_date('2009-07-30 04:17:52') <= '2009-07-30 04:17:52'
-- !query schema
struct<(to_date(2009-07-30 04:17:52) <= 2009-07-30 04:17:52):boolean>
-- !query output
true


-- !query
select to_date('2017-03-01') = to_timestamp('2017-03-01 00:00:00')
-- !query schema
struct<(to_date(2017-03-01) = to_timestamp(2017-03-01 00:00:00)):boolean>
-- !query output
true


-- !query
select to_timestamp('2017-03-01 00:00:01') > to_date('2017-03-01')
-- !query schema
struct<(to_timestamp(2017-03-01 00:00:01) > to_date(2017-03-01)):boolean>
-- !query output
true


-- !query
select to_timestamp('2017-03-01 00:00:01') >= to_date('2017-03-01')
-- !query schema
struct<(to_timestamp(2017-03-01 00:00:01) >= to_date(2017-03-01)):boolean>
-- !query output
true


-- !query
select to_date('2017-03-01') < to_timestamp('2017-03-01 00:00:01')
-- !query schema
struct<(to_date(2017-03-01) < to_timestamp(2017-03-01 00:00:01)):boolean>
-- !query output
true


-- !query
select to_date('2017-03-01') <= to_timestamp('2017-03-01 00:00:01')
-- !query schema
struct<(to_date(2017-03-01) <= to_timestamp(2017-03-01 00:00:01)):boolean>
-- !query output
true


-- !query
select 1 in (1, 2, 3)
-- !query schema
struct<(1 IN (1, 2, 3)):boolean>
-- !query output
true


-- !query
select 1 in (1, 2, 3, null)
-- !query schema
struct<(1 IN (1, 2, 3, NULL)):boolean>
-- !query output
true


-- !query
select 1 in (1.0, 2.0, 3.0)
-- !query schema
struct<(1 IN (1.0, 2.0, 3.0)):boolean>
-- !query output
true


-- !query
select 1 in (1.0, 2.0, 3.0, null)
-- !query schema
struct<(1 IN (1.0, 2.0, 3.0, NULL)):boolean>
-- !query output
true


-- !query
select 1 in ('2', '3', '4')
-- !query schema
struct<(1 IN (2, 3, 4)):boolean>
-- !query output
false


-- !query
select 1 in ('2', '3', '4', null)
-- !query schema
struct<(1 IN (2, 3, 4, NULL)):boolean>
-- !query output
NULL


-- !query
select null in (1, 2, 3)
-- !query schema
struct<(NULL IN (1, 2, 3)):boolean>
-- !query output
NULL


-- !query
select null in (1, 2, null)
-- !query schema
struct<(NULL IN (1, 2, NULL)):boolean>
-- !query output
NULL


-- !query
select 1 not in (1, 2, 3)
-- !query schema
struct<(NOT (1 IN (1, 2, 3))):boolean>
-- !query output
false


-- !query
select 1 not in (1, 2, 3, null)
-- !query schema
struct<(NOT (1 IN (1, 2, 3, NULL))):boolean>
-- !query output
false


-- !query
select 1 not in (1.0, 2.0, 3.0)
-- !query schema
struct<(NOT (1 IN (1.0, 2.0, 3.0))):boolean>
-- !query output
false


-- !query
select 1 not in (1.0, 2.0, 3.0, null)
-- !query schema
struct<(NOT (1 IN (1.0, 2.0, 3.0, NULL))):boolean>
-- !query output
false


-- !query
select 1 not in ('2', '3', '4')
-- !query schema
struct<(NOT (1 IN (2, 3, 4))):boolean>
-- !query output
true


-- !query
select 1 not in ('2', '3', '4', null)
-- !query schema
struct<(NOT (1 IN (2, 3, 4, NULL))):boolean>
-- !query output
NULL


-- !query
select null not in (1, 2, 3)
-- !query schema
struct<(NOT (NULL IN (1, 2, 3))):boolean>
-- !query output
NULL


-- !query
select null not in (1, 2, null)
-- !query schema
struct<(NOT (NULL IN (1, 2, NULL))):boolean>
-- !query output
NULL
