-- Automatically generated by SQLQueryTestSuite
-- !query
SELECT interval '999' second
-- !query analysis
Project [16 minutes 39 seconds AS INTERVAL '16 minutes 39 seconds'#x]
+- OneRowRelation


-- !query
SELECT interval '999' minute
-- !query analysis
Project [16 hours 39 minutes AS INTERVAL '16 hours 39 minutes'#x]
+- OneRowRelation


-- !query
SELECT interval '999' hour
-- !query analysis
Project [999 hours AS INTERVAL '999 hours'#x]
+- OneRowRelation


-- !query
SELECT interval '999' day
-- !query analysis
Project [999 days AS INTERVAL '999 days'#x]
+- OneRowRelation


-- !query
SELECT interval '999' month
-- !query analysis
Project [83 years 3 months AS INTERVAL '83 years 3 months'#x]
+- OneRowRelation


-- !query
SELECT interval '1' year
-- !query analysis
Project [1 years AS INTERVAL '1 years'#x]
+- OneRowRelation


-- !query
SELECT interval '2' month
-- !query analysis
Project [2 months AS INTERVAL '2 months'#x]
+- OneRowRelation


-- !query
SELECT interval '3' day
-- !query analysis
Project [3 days AS INTERVAL '3 days'#x]
+- OneRowRelation


-- !query
SELECT interval '4' hour
-- !query analysis
Project [4 hours AS INTERVAL '4 hours'#x]
+- OneRowRelation


-- !query
SELECT interval '5' minute
-- !query analysis
Project [5 minutes AS INTERVAL '5 minutes'#x]
+- OneRowRelation


-- !query
SELECT interval '6' second
-- !query analysis
Project [6 seconds AS INTERVAL '6 seconds'#x]
+- OneRowRelation


-- !query
SELECT interval '1-2' year to month
-- !query analysis
Project [1 years 2 months AS INTERVAL '1 years 2 months'#x]
+- OneRowRelation


-- !query
SELECT interval '1 2:03' day to hour
-- !query analysis
org.apache.spark.sql.catalyst.parser.ParseException
{
  "errorClass" : "_LEGACY_ERROR_TEMP_0063",
  "messageParameters" : {
    "msg" : "Interval string does not match day-time format of `[+|-]d h`, `INTERVAL [+|-]'[+|-]d h' DAY TO HOUR` when cast to interval day to hour: 1 2:03, set spark.sql.legacy.fromDayTimeString.enabled to true to restore the behavior before Spark 3.0."
  },
  "queryContext" : [ {
    "objectType" : "",
    "objectName" : "",
    "startIndex" : 17,
    "stopIndex" : 36,
    "fragment" : "'1 2:03' day to hour"
  } ]
}


-- !query
SELECT interval '1 2:03:04' day to hour
-- !query analysis
org.apache.spark.sql.catalyst.parser.ParseException
{
  "errorClass" : "_LEGACY_ERROR_TEMP_0063",
  "messageParameters" : {
    "msg" : "Interval string does not match day-time format of `[+|-]d h`, `INTERVAL [+|-]'[+|-]d h' DAY TO HOUR` when cast to interval day to hour: 1 2:03:04, set spark.sql.legacy.fromDayTimeString.enabled to true to restore the behavior before Spark 3.0."
  },
  "queryContext" : [ {
    "objectType" : "",
    "objectName" : "",
    "startIndex" : 17,
    "stopIndex" : 39,
    "fragment" : "'1 2:03:04' day to hour"
  } ]
}


-- !query
SELECT interval '1 2:03' day to minute
-- !query analysis
Project [1 days 2 hours 3 minutes AS INTERVAL '1 days 2 hours 3 minutes'#x]
+- OneRowRelation


-- !query
SELECT interval '1 2:03:04' day to minute
-- !query analysis
org.apache.spark.sql.catalyst.parser.ParseException
{
  "errorClass" : "_LEGACY_ERROR_TEMP_0063",
  "messageParameters" : {
    "msg" : "Interval string does not match day-time format of `[+|-]d h:m`, `INTERVAL [+|-]'[+|-]d h:m' DAY TO MINUTE` when cast to interval day to minute: 1 2:03:04, set spark.sql.legacy.fromDayTimeString.enabled to true to restore the behavior before Spark 3.0."
  },
  "queryContext" : [ {
    "objectType" : "",
    "objectName" : "",
    "startIndex" : 17,
    "stopIndex" : 41,
    "fragment" : "'1 2:03:04' day to minute"
  } ]
}


-- !query
SELECT interval '1 2:03' day to second
-- !query analysis
org.apache.spark.sql.catalyst.parser.ParseException
{
  "errorClass" : "_LEGACY_ERROR_TEMP_0063",
  "messageParameters" : {
    "msg" : "Interval string does not match day-time format of `[+|-]d h:m:s.n`, `INTERVAL [+|-]'[+|-]d h:m:s.n' DAY TO SECOND` when cast to interval day to second: 1 2:03, set spark.sql.legacy.fromDayTimeString.enabled to true to restore the behavior before Spark 3.0."
  },
  "queryContext" : [ {
    "objectType" : "",
    "objectName" : "",
    "startIndex" : 17,
    "stopIndex" : 38,
    "fragment" : "'1 2:03' day to second"
  } ]
}


-- !query
SELECT interval '1 2:03:04' day to second
-- !query analysis
Project [1 days 2 hours 3 minutes 4 seconds AS INTERVAL '1 days 2 hours 3 minutes 4 seconds'#x]
+- OneRowRelation


-- !query
SELECT interval '1 2:03' hour to minute
-- !query analysis
org.apache.spark.sql.catalyst.parser.ParseException
{
  "errorClass" : "_LEGACY_ERROR_TEMP_0063",
  "messageParameters" : {
    "msg" : "Interval string does not match day-time format of `[+|-]h:m`, `INTERVAL [+|-]'[+|-]h:m' HOUR TO MINUTE` when cast to interval hour to minute: 1 2:03, set spark.sql.legacy.fromDayTimeString.enabled to true to restore the behavior before Spark 3.0."
  },
  "queryContext" : [ {
    "objectType" : "",
    "objectName" : "",
    "startIndex" : 17,
    "stopIndex" : 39,
    "fragment" : "'1 2:03' hour to minute"
  } ]
}


-- !query
SELECT interval '1 2:03:04' hour to minute
-- !query analysis
org.apache.spark.sql.catalyst.parser.ParseException
{
  "errorClass" : "_LEGACY_ERROR_TEMP_0063",
  "messageParameters" : {
    "msg" : "Interval string does not match day-time format of `[+|-]h:m`, `INTERVAL [+|-]'[+|-]h:m' HOUR TO MINUTE` when cast to interval hour to minute: 1 2:03:04, set spark.sql.legacy.fromDayTimeString.enabled to true to restore the behavior before Spark 3.0."
  },
  "queryContext" : [ {
    "objectType" : "",
    "objectName" : "",
    "startIndex" : 17,
    "stopIndex" : 42,
    "fragment" : "'1 2:03:04' hour to minute"
  } ]
}


-- !query
SELECT interval '1 2:03' hour to second
-- !query analysis
org.apache.spark.sql.catalyst.parser.ParseException
{
  "errorClass" : "_LEGACY_ERROR_TEMP_0063",
  "messageParameters" : {
    "msg" : "Interval string does not match day-time format of `[+|-]h:m:s.n`, `INTERVAL [+|-]'[+|-]h:m:s.n' HOUR TO SECOND` when cast to interval hour to second: 1 2:03, set spark.sql.legacy.fromDayTimeString.enabled to true to restore the behavior before Spark 3.0."
  },
  "queryContext" : [ {
    "objectType" : "",
    "objectName" : "",
    "startIndex" : 17,
    "stopIndex" : 39,
    "fragment" : "'1 2:03' hour to second"
  } ]
}


-- !query
SELECT interval '1 2:03:04' hour to second
-- !query analysis
org.apache.spark.sql.catalyst.parser.ParseException
{
  "errorClass" : "_LEGACY_ERROR_TEMP_0063",
  "messageParameters" : {
    "msg" : "Interval string does not match day-time format of `[+|-]h:m:s.n`, `INTERVAL [+|-]'[+|-]h:m:s.n' HOUR TO SECOND` when cast to interval hour to second: 1 2:03:04, set spark.sql.legacy.fromDayTimeString.enabled to true to restore the behavior before Spark 3.0."
  },
  "queryContext" : [ {
    "objectType" : "",
    "objectName" : "",
    "startIndex" : 17,
    "stopIndex" : 42,
    "fragment" : "'1 2:03:04' hour to second"
  } ]
}


-- !query
SELECT interval '1 2:03' minute to second
-- !query analysis
org.apache.spark.sql.catalyst.parser.ParseException
{
  "errorClass" : "_LEGACY_ERROR_TEMP_0063",
  "messageParameters" : {
    "msg" : "Interval string does not match day-time format of `[+|-]m:s.n`, `INTERVAL [+|-]'[+|-]m:s.n' MINUTE TO SECOND` when cast to interval minute to second: 1 2:03, set spark.sql.legacy.fromDayTimeString.enabled to true to restore the behavior before Spark 3.0."
  },
  "queryContext" : [ {
    "objectType" : "",
    "objectName" : "",
    "startIndex" : 17,
    "stopIndex" : 41,
    "fragment" : "'1 2:03' minute to second"
  } ]
}


-- !query
SELECT interval '1 2:03:04' minute to second
-- !query analysis
org.apache.spark.sql.catalyst.parser.ParseException
{
  "errorClass" : "_LEGACY_ERROR_TEMP_0063",
  "messageParameters" : {
    "msg" : "Interval string does not match day-time format of `[+|-]m:s.n`, `INTERVAL [+|-]'[+|-]m:s.n' MINUTE TO SECOND` when cast to interval minute to second: 1 2:03:04, set spark.sql.legacy.fromDayTimeString.enabled to true to restore the behavior before Spark 3.0."
  },
  "queryContext" : [ {
    "objectType" : "",
    "objectName" : "",
    "startIndex" : 17,
    "stopIndex" : 44,
    "fragment" : "'1 2:03:04' minute to second"
  } ]
}
