-- Automatically generated by SQLQueryTestSuite
-- !query
CREATE OR REPLACE TEMPORARY VIEW t1 AS VALUES (0, 1), (1, 2) t(c1, c2)
-- !query schema
struct<>
-- !query output



-- !query
SELECT * FROM udtf(1, 2)
-- !query schema
struct<x:int,y:int>
-- !query output
1	-1
2	1


-- !query
SELECT * FROM udtf(-1, 0)
-- !query schema
struct<x:int,y:int>
-- !query output



-- !query
SELECT * FROM udtf(0, -1)
-- !query schema
struct<x:int,y:int>
-- !query output



-- !query
SELECT * FROM udtf(0, 0)
-- !query schema
struct<x:int,y:int>
-- !query output
0	0


-- !query
SELECT a, b FROM udtf(1, 2) t(a, b)
-- !query schema
struct<a:int,b:int>
-- !query output
1	-1
2	1


-- !query
SELECT * FROM t1, LATERAL udtf(c1, c2)
-- !query schema
struct<c1:int,c2:int,x:int,y:int>
-- !query output
1	2	1	-1
1	2	2	1


-- !query
SELECT * FROM t1 LEFT JOIN LATERAL udtf(c1, c2)
-- !query schema
struct<c1:int,c2:int,x:int,y:int>
-- !query output
1	2	1	-1
1	2	2	1


-- !query
SELECT * FROM udtf(1, 2) t(c1, c2), LATERAL udtf(c1, c2)
-- !query schema
struct<c1:int,c2:int,x:int,y:int>
-- !query output
2	1	1	-1
2	1	2	1


-- !query
SELECT * FROM udtf(cast(rand(0) AS int) + 1, 1)
-- !query schema
struct<x:int,y:int>
-- !query output
1	0
1	0
