-- Automatically generated by SQLQueryTestSuite
-- !query
CREATE TEMPORARY VIEW t AS SELECT 1
-- !query analysis
CreateViewCommand `t`, SELECT 1, false, false, LocalTempView, true
   +- Project [1 AS 1#x]
      +- OneRowRelation


-- !query
SELECT true = cast(1 as tinyint) FROM t
-- !query analysis
Project [(cast(true as tinyint) = cast(1 as tinyint)) AS (true = CAST(1 AS TINYINT))#x]
+- SubqueryAlias t
   +- View (`t`, [1#x])
      +- Project [cast(1#x as int) AS 1#x]
         +- Project [1 AS 1#x]
            +- OneRowRelation


-- !query
SELECT true = cast(1 as smallint) FROM t
-- !query analysis
Project [(cast(true as smallint) = cast(1 as smallint)) AS (true = CAST(1 AS SMALLINT))#x]
+- SubqueryAlias t
   +- View (`t`, [1#x])
      +- Project [cast(1#x as int) AS 1#x]
         +- Project [1 AS 1#x]
            +- OneRowRelation


-- !query
SELECT true = cast(1 as int) FROM t
-- !query analysis
Project [(cast(true as int) = cast(1 as int)) AS (true = CAST(1 AS INT))#x]
+- SubqueryAlias t
   +- View (`t`, [1#x])
      +- Project [cast(1#x as int) AS 1#x]
         +- Project [1 AS 1#x]
            +- OneRowRelation


-- !query
SELECT true = cast(1 as bigint) FROM t
-- !query analysis
Project [(cast(true as bigint) = cast(1 as bigint)) AS (true = CAST(1 AS BIGINT))#x]
+- SubqueryAlias t
   +- View (`t`, [1#x])
      +- Project [cast(1#x as int) AS 1#x]
         +- Project [1 AS 1#x]
            +- OneRowRelation


-- !query
SELECT true = cast(1 as float) FROM t
-- !query analysis
Project [(cast(true as float) = cast(1 as float)) AS (true = CAST(1 AS FLOAT))#x]
+- SubqueryAlias t
   +- View (`t`, [1#x])
      +- Project [cast(1#x as int) AS 1#x]
         +- Project [1 AS 1#x]
            +- OneRowRelation


-- !query
SELECT true = cast(1 as double) FROM t
-- !query analysis
Project [(cast(true as double) = cast(1 as double)) AS (true = CAST(1 AS DOUBLE))#x]
+- SubqueryAlias t
   +- View (`t`, [1#x])
      +- Project [cast(1#x as int) AS 1#x]
         +- Project [1 AS 1#x]
            +- OneRowRelation


-- !query
SELECT true = cast(1 as decimal(10, 0)) FROM t
-- !query analysis
Project [(cast(true as decimal(10,0)) = cast(1 as decimal(10,0))) AS (true = CAST(1 AS DECIMAL(10,0)))#x]
+- SubqueryAlias t
   +- View (`t`, [1#x])
      +- Project [cast(1#x as int) AS 1#x]
         +- Project [1 AS 1#x]
            +- OneRowRelation


-- !query
SELECT true = cast(1 as string) FROM t
-- !query analysis
Project [(true = cast(cast(1 as string) as boolean)) AS (true = CAST(1 AS STRING))#x]
+- SubqueryAlias t
   +- View (`t`, [1#x])
      +- Project [cast(1#x as int) AS 1#x]
         +- Project [1 AS 1#x]
            +- OneRowRelation


-- !query
SELECT true = cast('1' as binary) FROM t
-- !query analysis
org.apache.spark.sql.catalyst.ExtendedAnalysisException
{
  "errorClass" : "DATATYPE_MISMATCH.BINARY_OP_DIFF_TYPES",
  "sqlState" : "42K09",
  "messageParameters" : {
    "left" : "\"BOOLEAN\"",
    "right" : "\"BINARY\"",
    "sqlExpr" : "\"(true = CAST(1 AS BINARY))\""
  },
  "queryContext" : [ {
    "objectType" : "",
    "objectName" : "",
    "startIndex" : 8,
    "stopIndex" : 33,
    "fragment" : "true = cast('1' as binary)"
  } ]
}


-- !query
SELECT true = cast(1 as boolean) FROM t
-- !query analysis
Project [(true = cast(1 as boolean)) AS (true = CAST(1 AS BOOLEAN))#x]
+- SubqueryAlias t
   +- View (`t`, [1#x])
      +- Project [cast(1#x as int) AS 1#x]
         +- Project [1 AS 1#x]
            +- OneRowRelation


-- !query
SELECT true = cast('2017-12-11 09:30:00.0' as timestamp) FROM t
-- !query analysis
org.apache.spark.sql.catalyst.ExtendedAnalysisException
{
  "errorClass" : "DATATYPE_MISMATCH.BINARY_OP_DIFF_TYPES",
  "sqlState" : "42K09",
  "messageParameters" : {
    "left" : "\"BOOLEAN\"",
    "right" : "\"TIMESTAMP\"",
    "sqlExpr" : "\"(true = CAST(2017-12-11 09:30:00.0 AS TIMESTAMP))\""
  },
  "queryContext" : [ {
    "objectType" : "",
    "objectName" : "",
    "startIndex" : 8,
    "stopIndex" : 56,
    "fragment" : "true = cast('2017-12-11 09:30:00.0' as timestamp)"
  } ]
}


-- !query
SELECT true = cast('2017-12-11 09:30:00' as date) FROM t
-- !query analysis
org.apache.spark.sql.catalyst.ExtendedAnalysisException
{
  "errorClass" : "DATATYPE_MISMATCH.BINARY_OP_DIFF_TYPES",
  "sqlState" : "42K09",
  "messageParameters" : {
    "left" : "\"BOOLEAN\"",
    "right" : "\"DATE\"",
    "sqlExpr" : "\"(true = CAST(2017-12-11 09:30:00 AS DATE))\""
  },
  "queryContext" : [ {
    "objectType" : "",
    "objectName" : "",
    "startIndex" : 8,
    "stopIndex" : 49,
    "fragment" : "true = cast('2017-12-11 09:30:00' as date)"
  } ]
}


-- !query
SELECT true <=> cast(1 as tinyint) FROM t
-- !query analysis
Project [(cast(true as tinyint) <=> cast(1 as tinyint)) AS (true <=> CAST(1 AS TINYINT))#x]
+- SubqueryAlias t
   +- View (`t`, [1#x])
      +- Project [cast(1#x as int) AS 1#x]
         +- Project [1 AS 1#x]
            +- OneRowRelation


-- !query
SELECT true <=> cast(1 as smallint) FROM t
-- !query analysis
Project [(cast(true as smallint) <=> cast(1 as smallint)) AS (true <=> CAST(1 AS SMALLINT))#x]
+- SubqueryAlias t
   +- View (`t`, [1#x])
      +- Project [cast(1#x as int) AS 1#x]
         +- Project [1 AS 1#x]
            +- OneRowRelation


-- !query
SELECT true <=> cast(1 as int) FROM t
-- !query analysis
Project [(cast(true as int) <=> cast(1 as int)) AS (true <=> CAST(1 AS INT))#x]
+- SubqueryAlias t
   +- View (`t`, [1#x])
      +- Project [cast(1#x as int) AS 1#x]
         +- Project [1 AS 1#x]
            +- OneRowRelation


-- !query
SELECT true <=> cast(1 as bigint) FROM t
-- !query analysis
Project [(cast(true as bigint) <=> cast(1 as bigint)) AS (true <=> CAST(1 AS BIGINT))#x]
+- SubqueryAlias t
   +- View (`t`, [1#x])
      +- Project [cast(1#x as int) AS 1#x]
         +- Project [1 AS 1#x]
            +- OneRowRelation


-- !query
SELECT true <=> cast(1 as float) FROM t
-- !query analysis
Project [(cast(true as float) <=> cast(1 as float)) AS (true <=> CAST(1 AS FLOAT))#x]
+- SubqueryAlias t
   +- View (`t`, [1#x])
      +- Project [cast(1#x as int) AS 1#x]
         +- Project [1 AS 1#x]
            +- OneRowRelation


-- !query
SELECT true <=> cast(1 as double) FROM t
-- !query analysis
Project [(cast(true as double) <=> cast(1 as double)) AS (true <=> CAST(1 AS DOUBLE))#x]
+- SubqueryAlias t
   +- View (`t`, [1#x])
      +- Project [cast(1#x as int) AS 1#x]
         +- Project [1 AS 1#x]
            +- OneRowRelation


-- !query
SELECT true <=> cast(1 as decimal(10, 0)) FROM t
-- !query analysis
Project [(cast(true as decimal(10,0)) <=> cast(1 as decimal(10,0))) AS (true <=> CAST(1 AS DECIMAL(10,0)))#x]
+- SubqueryAlias t
   +- View (`t`, [1#x])
      +- Project [cast(1#x as int) AS 1#x]
         +- Project [1 AS 1#x]
            +- OneRowRelation


-- !query
SELECT true <=> cast(1 as string) FROM t
-- !query analysis
Project [(true <=> cast(cast(1 as string) as boolean)) AS (true <=> CAST(1 AS STRING))#x]
+- SubqueryAlias t
   +- View (`t`, [1#x])
      +- Project [cast(1#x as int) AS 1#x]
         +- Project [1 AS 1#x]
            +- OneRowRelation


-- !query
SELECT true <=> cast('1' as binary) FROM t
-- !query analysis
org.apache.spark.sql.catalyst.ExtendedAnalysisException
{
  "errorClass" : "DATATYPE_MISMATCH.BINARY_OP_DIFF_TYPES",
  "sqlState" : "42K09",
  "messageParameters" : {
    "left" : "\"BOOLEAN\"",
    "right" : "\"BINARY\"",
    "sqlExpr" : "\"(true <=> CAST(1 AS BINARY))\""
  },
  "queryContext" : [ {
    "objectType" : "",
    "objectName" : "",
    "startIndex" : 8,
    "stopIndex" : 35,
    "fragment" : "true <=> cast('1' as binary)"
  } ]
}


-- !query
SELECT true <=> cast(1 as boolean) FROM t
-- !query analysis
Project [(true <=> cast(1 as boolean)) AS (true <=> CAST(1 AS BOOLEAN))#x]
+- SubqueryAlias t
   +- View (`t`, [1#x])
      +- Project [cast(1#x as int) AS 1#x]
         +- Project [1 AS 1#x]
            +- OneRowRelation


-- !query
SELECT true <=> cast('2017-12-11 09:30:00.0' as timestamp) FROM t
-- !query analysis
org.apache.spark.sql.catalyst.ExtendedAnalysisException
{
  "errorClass" : "DATATYPE_MISMATCH.BINARY_OP_DIFF_TYPES",
  "sqlState" : "42K09",
  "messageParameters" : {
    "left" : "\"BOOLEAN\"",
    "right" : "\"TIMESTAMP\"",
    "sqlExpr" : "\"(true <=> CAST(2017-12-11 09:30:00.0 AS TIMESTAMP))\""
  },
  "queryContext" : [ {
    "objectType" : "",
    "objectName" : "",
    "startIndex" : 8,
    "stopIndex" : 58,
    "fragment" : "true <=> cast('2017-12-11 09:30:00.0' as timestamp)"
  } ]
}


-- !query
SELECT true <=> cast('2017-12-11 09:30:00' as date) FROM t
-- !query analysis
org.apache.spark.sql.catalyst.ExtendedAnalysisException
{
  "errorClass" : "DATATYPE_MISMATCH.BINARY_OP_DIFF_TYPES",
  "sqlState" : "42K09",
  "messageParameters" : {
    "left" : "\"BOOLEAN\"",
    "right" : "\"DATE\"",
    "sqlExpr" : "\"(true <=> CAST(2017-12-11 09:30:00 AS DATE))\""
  },
  "queryContext" : [ {
    "objectType" : "",
    "objectName" : "",
    "startIndex" : 8,
    "stopIndex" : 51,
    "fragment" : "true <=> cast('2017-12-11 09:30:00' as date)"
  } ]
}


-- !query
SELECT cast(1 as tinyint) = true FROM t
-- !query analysis
Project [(cast(1 as tinyint) = cast(true as tinyint)) AS (CAST(1 AS TINYINT) = true)#x]
+- SubqueryAlias t
   +- View (`t`, [1#x])
      +- Project [cast(1#x as int) AS 1#x]
         +- Project [1 AS 1#x]
            +- OneRowRelation


-- !query
SELECT cast(1 as smallint) = true FROM t
-- !query analysis
Project [(cast(1 as smallint) = cast(true as smallint)) AS (CAST(1 AS SMALLINT) = true)#x]
+- SubqueryAlias t
   +- View (`t`, [1#x])
      +- Project [cast(1#x as int) AS 1#x]
         +- Project [1 AS 1#x]
            +- OneRowRelation


-- !query
SELECT cast(1 as int) = true FROM t
-- !query analysis
Project [(cast(1 as int) = cast(true as int)) AS (CAST(1 AS INT) = true)#x]
+- SubqueryAlias t
   +- View (`t`, [1#x])
      +- Project [cast(1#x as int) AS 1#x]
         +- Project [1 AS 1#x]
            +- OneRowRelation


-- !query
SELECT cast(1 as bigint) = true FROM t
-- !query analysis
Project [(cast(1 as bigint) = cast(true as bigint)) AS (CAST(1 AS BIGINT) = true)#x]
+- SubqueryAlias t
   +- View (`t`, [1#x])
      +- Project [cast(1#x as int) AS 1#x]
         +- Project [1 AS 1#x]
            +- OneRowRelation


-- !query
SELECT cast(1 as float) = true FROM t
-- !query analysis
Project [(cast(1 as float) = cast(true as float)) AS (CAST(1 AS FLOAT) = true)#x]
+- SubqueryAlias t
   +- View (`t`, [1#x])
      +- Project [cast(1#x as int) AS 1#x]
         +- Project [1 AS 1#x]
            +- OneRowRelation


-- !query
SELECT cast(1 as double) = true FROM t
-- !query analysis
Project [(cast(1 as double) = cast(true as double)) AS (CAST(1 AS DOUBLE) = true)#x]
+- SubqueryAlias t
   +- View (`t`, [1#x])
      +- Project [cast(1#x as int) AS 1#x]
         +- Project [1 AS 1#x]
            +- OneRowRelation


-- !query
SELECT cast(1 as decimal(10, 0)) = true FROM t
-- !query analysis
Project [(cast(1 as decimal(10,0)) = cast(true as decimal(10,0))) AS (CAST(1 AS DECIMAL(10,0)) = true)#x]
+- SubqueryAlias t
   +- View (`t`, [1#x])
      +- Project [cast(1#x as int) AS 1#x]
         +- Project [1 AS 1#x]
            +- OneRowRelation


-- !query
SELECT cast(1 as string) = true FROM t
-- !query analysis
Project [(cast(cast(1 as string) as boolean) = true) AS (CAST(1 AS STRING) = true)#x]
+- SubqueryAlias t
   +- View (`t`, [1#x])
      +- Project [cast(1#x as int) AS 1#x]
         +- Project [1 AS 1#x]
            +- OneRowRelation


-- !query
SELECT cast('1' as binary) = true FROM t
-- !query analysis
org.apache.spark.sql.catalyst.ExtendedAnalysisException
{
  "errorClass" : "DATATYPE_MISMATCH.BINARY_OP_DIFF_TYPES",
  "sqlState" : "42K09",
  "messageParameters" : {
    "left" : "\"BINARY\"",
    "right" : "\"BOOLEAN\"",
    "sqlExpr" : "\"(CAST(1 AS BINARY) = true)\""
  },
  "queryContext" : [ {
    "objectType" : "",
    "objectName" : "",
    "startIndex" : 8,
    "stopIndex" : 33,
    "fragment" : "cast('1' as binary) = true"
  } ]
}


-- !query
SELECT cast(1 as boolean) = true FROM t
-- !query analysis
Project [(cast(1 as boolean) = true) AS (CAST(1 AS BOOLEAN) = true)#x]
+- SubqueryAlias t
   +- View (`t`, [1#x])
      +- Project [cast(1#x as int) AS 1#x]
         +- Project [1 AS 1#x]
            +- OneRowRelation


-- !query
SELECT cast('2017-12-11 09:30:00.0' as timestamp) = true FROM t
-- !query analysis
org.apache.spark.sql.catalyst.ExtendedAnalysisException
{
  "errorClass" : "DATATYPE_MISMATCH.BINARY_OP_DIFF_TYPES",
  "sqlState" : "42K09",
  "messageParameters" : {
    "left" : "\"TIMESTAMP\"",
    "right" : "\"BOOLEAN\"",
    "sqlExpr" : "\"(CAST(2017-12-11 09:30:00.0 AS TIMESTAMP) = true)\""
  },
  "queryContext" : [ {
    "objectType" : "",
    "objectName" : "",
    "startIndex" : 8,
    "stopIndex" : 56,
    "fragment" : "cast('2017-12-11 09:30:00.0' as timestamp) = true"
  } ]
}


-- !query
SELECT cast('2017-12-11 09:30:00' as date) = true FROM t
-- !query analysis
org.apache.spark.sql.catalyst.ExtendedAnalysisException
{
  "errorClass" : "DATATYPE_MISMATCH.BINARY_OP_DIFF_TYPES",
  "sqlState" : "42K09",
  "messageParameters" : {
    "left" : "\"DATE\"",
    "right" : "\"BOOLEAN\"",
    "sqlExpr" : "\"(CAST(2017-12-11 09:30:00 AS DATE) = true)\""
  },
  "queryContext" : [ {
    "objectType" : "",
    "objectName" : "",
    "startIndex" : 8,
    "stopIndex" : 49,
    "fragment" : "cast('2017-12-11 09:30:00' as date) = true"
  } ]
}


-- !query
SELECT cast(1 as tinyint) <=> true FROM t
-- !query analysis
Project [(cast(1 as tinyint) <=> cast(true as tinyint)) AS (CAST(1 AS TINYINT) <=> true)#x]
+- SubqueryAlias t
   +- View (`t`, [1#x])
      +- Project [cast(1#x as int) AS 1#x]
         +- Project [1 AS 1#x]
            +- OneRowRelation


-- !query
SELECT cast(1 as smallint) <=> true FROM t
-- !query analysis
Project [(cast(1 as smallint) <=> cast(true as smallint)) AS (CAST(1 AS SMALLINT) <=> true)#x]
+- SubqueryAlias t
   +- View (`t`, [1#x])
      +- Project [cast(1#x as int) AS 1#x]
         +- Project [1 AS 1#x]
            +- OneRowRelation


-- !query
SELECT cast(1 as int) <=> true FROM t
-- !query analysis
Project [(cast(1 as int) <=> cast(true as int)) AS (CAST(1 AS INT) <=> true)#x]
+- SubqueryAlias t
   +- View (`t`, [1#x])
      +- Project [cast(1#x as int) AS 1#x]
         +- Project [1 AS 1#x]
            +- OneRowRelation


-- !query
SELECT cast(1 as bigint) <=> true FROM t
-- !query analysis
Project [(cast(1 as bigint) <=> cast(true as bigint)) AS (CAST(1 AS BIGINT) <=> true)#x]
+- SubqueryAlias t
   +- View (`t`, [1#x])
      +- Project [cast(1#x as int) AS 1#x]
         +- Project [1 AS 1#x]
            +- OneRowRelation


-- !query
SELECT cast(1 as float) <=> true FROM t
-- !query analysis
Project [(cast(1 as float) <=> cast(true as float)) AS (CAST(1 AS FLOAT) <=> true)#x]
+- SubqueryAlias t
   +- View (`t`, [1#x])
      +- Project [cast(1#x as int) AS 1#x]
         +- Project [1 AS 1#x]
            +- OneRowRelation


-- !query
SELECT cast(1 as double) <=> true FROM t
-- !query analysis
Project [(cast(1 as double) <=> cast(true as double)) AS (CAST(1 AS DOUBLE) <=> true)#x]
+- SubqueryAlias t
   +- View (`t`, [1#x])
      +- Project [cast(1#x as int) AS 1#x]
         +- Project [1 AS 1#x]
            +- OneRowRelation


-- !query
SELECT cast(1 as decimal(10, 0)) <=> true FROM t
-- !query analysis
Project [(cast(1 as decimal(10,0)) <=> cast(true as decimal(10,0))) AS (CAST(1 AS DECIMAL(10,0)) <=> true)#x]
+- SubqueryAlias t
   +- View (`t`, [1#x])
      +- Project [cast(1#x as int) AS 1#x]
         +- Project [1 AS 1#x]
            +- OneRowRelation


-- !query
SELECT cast(1 as string) <=> true FROM t
-- !query analysis
Project [(cast(cast(1 as string) as boolean) <=> true) AS (CAST(1 AS STRING) <=> true)#x]
+- SubqueryAlias t
   +- View (`t`, [1#x])
      +- Project [cast(1#x as int) AS 1#x]
         +- Project [1 AS 1#x]
            +- OneRowRelation


-- !query
SELECT cast('1' as binary) <=> true FROM t
-- !query analysis
org.apache.spark.sql.catalyst.ExtendedAnalysisException
{
  "errorClass" : "DATATYPE_MISMATCH.BINARY_OP_DIFF_TYPES",
  "sqlState" : "42K09",
  "messageParameters" : {
    "left" : "\"BINARY\"",
    "right" : "\"BOOLEAN\"",
    "sqlExpr" : "\"(CAST(1 AS BINARY) <=> true)\""
  },
  "queryContext" : [ {
    "objectType" : "",
    "objectName" : "",
    "startIndex" : 8,
    "stopIndex" : 35,
    "fragment" : "cast('1' as binary) <=> true"
  } ]
}


-- !query
SELECT cast(1 as boolean) <=> true FROM t
-- !query analysis
Project [(cast(1 as boolean) <=> true) AS (CAST(1 AS BOOLEAN) <=> true)#x]
+- SubqueryAlias t
   +- View (`t`, [1#x])
      +- Project [cast(1#x as int) AS 1#x]
         +- Project [1 AS 1#x]
            +- OneRowRelation


-- !query
SELECT cast('2017-12-11 09:30:00.0' as timestamp) <=> true FROM t
-- !query analysis
org.apache.spark.sql.catalyst.ExtendedAnalysisException
{
  "errorClass" : "DATATYPE_MISMATCH.BINARY_OP_DIFF_TYPES",
  "sqlState" : "42K09",
  "messageParameters" : {
    "left" : "\"TIMESTAMP\"",
    "right" : "\"BOOLEAN\"",
    "sqlExpr" : "\"(CAST(2017-12-11 09:30:00.0 AS TIMESTAMP) <=> true)\""
  },
  "queryContext" : [ {
    "objectType" : "",
    "objectName" : "",
    "startIndex" : 8,
    "stopIndex" : 58,
    "fragment" : "cast('2017-12-11 09:30:00.0' as timestamp) <=> true"
  } ]
}


-- !query
SELECT cast('2017-12-11 09:30:00' as date) <=> true FROM t
-- !query analysis
org.apache.spark.sql.catalyst.ExtendedAnalysisException
{
  "errorClass" : "DATATYPE_MISMATCH.BINARY_OP_DIFF_TYPES",
  "sqlState" : "42K09",
  "messageParameters" : {
    "left" : "\"DATE\"",
    "right" : "\"BOOLEAN\"",
    "sqlExpr" : "\"(CAST(2017-12-11 09:30:00 AS DATE) <=> true)\""
  },
  "queryContext" : [ {
    "objectType" : "",
    "objectName" : "",
    "startIndex" : 8,
    "stopIndex" : 51,
    "fragment" : "cast('2017-12-11 09:30:00' as date) <=> true"
  } ]
}


-- !query
SELECT false = cast(0 as tinyint) FROM t
-- !query analysis
Project [(cast(false as tinyint) = cast(0 as tinyint)) AS (false = CAST(0 AS TINYINT))#x]
+- SubqueryAlias t
   +- View (`t`, [1#x])
      +- Project [cast(1#x as int) AS 1#x]
         +- Project [1 AS 1#x]
            +- OneRowRelation


-- !query
SELECT false = cast(0 as smallint) FROM t
-- !query analysis
Project [(cast(false as smallint) = cast(0 as smallint)) AS (false = CAST(0 AS SMALLINT))#x]
+- SubqueryAlias t
   +- View (`t`, [1#x])
      +- Project [cast(1#x as int) AS 1#x]
         +- Project [1 AS 1#x]
            +- OneRowRelation


-- !query
SELECT false = cast(0 as int) FROM t
-- !query analysis
Project [(cast(false as int) = cast(0 as int)) AS (false = CAST(0 AS INT))#x]
+- SubqueryAlias t
   +- View (`t`, [1#x])
      +- Project [cast(1#x as int) AS 1#x]
         +- Project [1 AS 1#x]
            +- OneRowRelation


-- !query
SELECT false = cast(0 as bigint) FROM t
-- !query analysis
Project [(cast(false as bigint) = cast(0 as bigint)) AS (false = CAST(0 AS BIGINT))#x]
+- SubqueryAlias t
   +- View (`t`, [1#x])
      +- Project [cast(1#x as int) AS 1#x]
         +- Project [1 AS 1#x]
            +- OneRowRelation


-- !query
SELECT false = cast(0 as float) FROM t
-- !query analysis
Project [(cast(false as float) = cast(0 as float)) AS (false = CAST(0 AS FLOAT))#x]
+- SubqueryAlias t
   +- View (`t`, [1#x])
      +- Project [cast(1#x as int) AS 1#x]
         +- Project [1 AS 1#x]
            +- OneRowRelation


-- !query
SELECT false = cast(0 as double) FROM t
-- !query analysis
Project [(cast(false as double) = cast(0 as double)) AS (false = CAST(0 AS DOUBLE))#x]
+- SubqueryAlias t
   +- View (`t`, [1#x])
      +- Project [cast(1#x as int) AS 1#x]
         +- Project [1 AS 1#x]
            +- OneRowRelation


-- !query
SELECT false = cast(0 as decimal(10, 0)) FROM t
-- !query analysis
Project [(cast(false as decimal(10,0)) = cast(0 as decimal(10,0))) AS (false = CAST(0 AS DECIMAL(10,0)))#x]
+- SubqueryAlias t
   +- View (`t`, [1#x])
      +- Project [cast(1#x as int) AS 1#x]
         +- Project [1 AS 1#x]
            +- OneRowRelation


-- !query
SELECT false = cast(0 as string) FROM t
-- !query analysis
Project [(false = cast(cast(0 as string) as boolean)) AS (false = CAST(0 AS STRING))#x]
+- SubqueryAlias t
   +- View (`t`, [1#x])
      +- Project [cast(1#x as int) AS 1#x]
         +- Project [1 AS 1#x]
            +- OneRowRelation


-- !query
SELECT false = cast('0' as binary) FROM t
-- !query analysis
org.apache.spark.sql.catalyst.ExtendedAnalysisException
{
  "errorClass" : "DATATYPE_MISMATCH.BINARY_OP_DIFF_TYPES",
  "sqlState" : "42K09",
  "messageParameters" : {
    "left" : "\"BOOLEAN\"",
    "right" : "\"BINARY\"",
    "sqlExpr" : "\"(false = CAST(0 AS BINARY))\""
  },
  "queryContext" : [ {
    "objectType" : "",
    "objectName" : "",
    "startIndex" : 8,
    "stopIndex" : 34,
    "fragment" : "false = cast('0' as binary)"
  } ]
}


-- !query
SELECT false = cast(0 as boolean) FROM t
-- !query analysis
Project [(false = cast(0 as boolean)) AS (false = CAST(0 AS BOOLEAN))#x]
+- SubqueryAlias t
   +- View (`t`, [1#x])
      +- Project [cast(1#x as int) AS 1#x]
         +- Project [1 AS 1#x]
            +- OneRowRelation


-- !query
SELECT false = cast('2017-12-11 09:30:00.0' as timestamp) FROM t
-- !query analysis
org.apache.spark.sql.catalyst.ExtendedAnalysisException
{
  "errorClass" : "DATATYPE_MISMATCH.BINARY_OP_DIFF_TYPES",
  "sqlState" : "42K09",
  "messageParameters" : {
    "left" : "\"BOOLEAN\"",
    "right" : "\"TIMESTAMP\"",
    "sqlExpr" : "\"(false = CAST(2017-12-11 09:30:00.0 AS TIMESTAMP))\""
  },
  "queryContext" : [ {
    "objectType" : "",
    "objectName" : "",
    "startIndex" : 8,
    "stopIndex" : 57,
    "fragment" : "false = cast('2017-12-11 09:30:00.0' as timestamp)"
  } ]
}


-- !query
SELECT false = cast('2017-12-11 09:30:00' as date) FROM t
-- !query analysis
org.apache.spark.sql.catalyst.ExtendedAnalysisException
{
  "errorClass" : "DATATYPE_MISMATCH.BINARY_OP_DIFF_TYPES",
  "sqlState" : "42K09",
  "messageParameters" : {
    "left" : "\"BOOLEAN\"",
    "right" : "\"DATE\"",
    "sqlExpr" : "\"(false = CAST(2017-12-11 09:30:00 AS DATE))\""
  },
  "queryContext" : [ {
    "objectType" : "",
    "objectName" : "",
    "startIndex" : 8,
    "stopIndex" : 50,
    "fragment" : "false = cast('2017-12-11 09:30:00' as date)"
  } ]
}


-- !query
SELECT false <=> cast(0 as tinyint) FROM t
-- !query analysis
Project [(cast(false as tinyint) <=> cast(0 as tinyint)) AS (false <=> CAST(0 AS TINYINT))#x]
+- SubqueryAlias t
   +- View (`t`, [1#x])
      +- Project [cast(1#x as int) AS 1#x]
         +- Project [1 AS 1#x]
            +- OneRowRelation


-- !query
SELECT false <=> cast(0 as smallint) FROM t
-- !query analysis
Project [(cast(false as smallint) <=> cast(0 as smallint)) AS (false <=> CAST(0 AS SMALLINT))#x]
+- SubqueryAlias t
   +- View (`t`, [1#x])
      +- Project [cast(1#x as int) AS 1#x]
         +- Project [1 AS 1#x]
            +- OneRowRelation


-- !query
SELECT false <=> cast(0 as int) FROM t
-- !query analysis
Project [(cast(false as int) <=> cast(0 as int)) AS (false <=> CAST(0 AS INT))#x]
+- SubqueryAlias t
   +- View (`t`, [1#x])
      +- Project [cast(1#x as int) AS 1#x]
         +- Project [1 AS 1#x]
            +- OneRowRelation


-- !query
SELECT false <=> cast(0 as bigint) FROM t
-- !query analysis
Project [(cast(false as bigint) <=> cast(0 as bigint)) AS (false <=> CAST(0 AS BIGINT))#x]
+- SubqueryAlias t
   +- View (`t`, [1#x])
      +- Project [cast(1#x as int) AS 1#x]
         +- Project [1 AS 1#x]
            +- OneRowRelation


-- !query
SELECT false <=> cast(0 as float) FROM t
-- !query analysis
Project [(cast(false as float) <=> cast(0 as float)) AS (false <=> CAST(0 AS FLOAT))#x]
+- SubqueryAlias t
   +- View (`t`, [1#x])
      +- Project [cast(1#x as int) AS 1#x]
         +- Project [1 AS 1#x]
            +- OneRowRelation


-- !query
SELECT false <=> cast(0 as double) FROM t
-- !query analysis
Project [(cast(false as double) <=> cast(0 as double)) AS (false <=> CAST(0 AS DOUBLE))#x]
+- SubqueryAlias t
   +- View (`t`, [1#x])
      +- Project [cast(1#x as int) AS 1#x]
         +- Project [1 AS 1#x]
            +- OneRowRelation


-- !query
SELECT false <=> cast(0 as decimal(10, 0)) FROM t
-- !query analysis
Project [(cast(false as decimal(10,0)) <=> cast(0 as decimal(10,0))) AS (false <=> CAST(0 AS DECIMAL(10,0)))#x]
+- SubqueryAlias t
   +- View (`t`, [1#x])
      +- Project [cast(1#x as int) AS 1#x]
         +- Project [1 AS 1#x]
            +- OneRowRelation


-- !query
SELECT false <=> cast(0 as string) FROM t
-- !query analysis
Project [(false <=> cast(cast(0 as string) as boolean)) AS (false <=> CAST(0 AS STRING))#x]
+- SubqueryAlias t
   +- View (`t`, [1#x])
      +- Project [cast(1#x as int) AS 1#x]
         +- Project [1 AS 1#x]
            +- OneRowRelation


-- !query
SELECT false <=> cast('0' as binary) FROM t
-- !query analysis
org.apache.spark.sql.catalyst.ExtendedAnalysisException
{
  "errorClass" : "DATATYPE_MISMATCH.BINARY_OP_DIFF_TYPES",
  "sqlState" : "42K09",
  "messageParameters" : {
    "left" : "\"BOOLEAN\"",
    "right" : "\"BINARY\"",
    "sqlExpr" : "\"(false <=> CAST(0 AS BINARY))\""
  },
  "queryContext" : [ {
    "objectType" : "",
    "objectName" : "",
    "startIndex" : 8,
    "stopIndex" : 36,
    "fragment" : "false <=> cast('0' as binary)"
  } ]
}


-- !query
SELECT false <=> cast(0 as boolean) FROM t
-- !query analysis
Project [(false <=> cast(0 as boolean)) AS (false <=> CAST(0 AS BOOLEAN))#x]
+- SubqueryAlias t
   +- View (`t`, [1#x])
      +- Project [cast(1#x as int) AS 1#x]
         +- Project [1 AS 1#x]
            +- OneRowRelation


-- !query
SELECT false <=> cast('2017-12-11 09:30:00.0' as timestamp) FROM t
-- !query analysis
org.apache.spark.sql.catalyst.ExtendedAnalysisException
{
  "errorClass" : "DATATYPE_MISMATCH.BINARY_OP_DIFF_TYPES",
  "sqlState" : "42K09",
  "messageParameters" : {
    "left" : "\"BOOLEAN\"",
    "right" : "\"TIMESTAMP\"",
    "sqlExpr" : "\"(false <=> CAST(2017-12-11 09:30:00.0 AS TIMESTAMP))\""
  },
  "queryContext" : [ {
    "objectType" : "",
    "objectName" : "",
    "startIndex" : 8,
    "stopIndex" : 59,
    "fragment" : "false <=> cast('2017-12-11 09:30:00.0' as timestamp)"
  } ]
}


-- !query
SELECT false <=> cast('2017-12-11 09:30:00' as date) FROM t
-- !query analysis
org.apache.spark.sql.catalyst.ExtendedAnalysisException
{
  "errorClass" : "DATATYPE_MISMATCH.BINARY_OP_DIFF_TYPES",
  "sqlState" : "42K09",
  "messageParameters" : {
    "left" : "\"BOOLEAN\"",
    "right" : "\"DATE\"",
    "sqlExpr" : "\"(false <=> CAST(2017-12-11 09:30:00 AS DATE))\""
  },
  "queryContext" : [ {
    "objectType" : "",
    "objectName" : "",
    "startIndex" : 8,
    "stopIndex" : 52,
    "fragment" : "false <=> cast('2017-12-11 09:30:00' as date)"
  } ]
}


-- !query
SELECT cast(0 as tinyint) = false FROM t
-- !query analysis
Project [(cast(0 as tinyint) = cast(false as tinyint)) AS (CAST(0 AS TINYINT) = false)#x]
+- SubqueryAlias t
   +- View (`t`, [1#x])
      +- Project [cast(1#x as int) AS 1#x]
         +- Project [1 AS 1#x]
            +- OneRowRelation


-- !query
SELECT cast(0 as smallint) = false FROM t
-- !query analysis
Project [(cast(0 as smallint) = cast(false as smallint)) AS (CAST(0 AS SMALLINT) = false)#x]
+- SubqueryAlias t
   +- View (`t`, [1#x])
      +- Project [cast(1#x as int) AS 1#x]
         +- Project [1 AS 1#x]
            +- OneRowRelation


-- !query
SELECT cast(0 as int) = false FROM t
-- !query analysis
Project [(cast(0 as int) = cast(false as int)) AS (CAST(0 AS INT) = false)#x]
+- SubqueryAlias t
   +- View (`t`, [1#x])
      +- Project [cast(1#x as int) AS 1#x]
         +- Project [1 AS 1#x]
            +- OneRowRelation


-- !query
SELECT cast(0 as bigint) = false FROM t
-- !query analysis
Project [(cast(0 as bigint) = cast(false as bigint)) AS (CAST(0 AS BIGINT) = false)#x]
+- SubqueryAlias t
   +- View (`t`, [1#x])
      +- Project [cast(1#x as int) AS 1#x]
         +- Project [1 AS 1#x]
            +- OneRowRelation


-- !query
SELECT cast(0 as float) = false FROM t
-- !query analysis
Project [(cast(0 as float) = cast(false as float)) AS (CAST(0 AS FLOAT) = false)#x]
+- SubqueryAlias t
   +- View (`t`, [1#x])
      +- Project [cast(1#x as int) AS 1#x]
         +- Project [1 AS 1#x]
            +- OneRowRelation


-- !query
SELECT cast(0 as double) = false FROM t
-- !query analysis
Project [(cast(0 as double) = cast(false as double)) AS (CAST(0 AS DOUBLE) = false)#x]
+- SubqueryAlias t
   +- View (`t`, [1#x])
      +- Project [cast(1#x as int) AS 1#x]
         +- Project [1 AS 1#x]
            +- OneRowRelation


-- !query
SELECT cast(0 as decimal(10, 0)) = false FROM t
-- !query analysis
Project [(cast(0 as decimal(10,0)) = cast(false as decimal(10,0))) AS (CAST(0 AS DECIMAL(10,0)) = false)#x]
+- SubqueryAlias t
   +- View (`t`, [1#x])
      +- Project [cast(1#x as int) AS 1#x]
         +- Project [1 AS 1#x]
            +- OneRowRelation


-- !query
SELECT cast(0 as string) = false FROM t
-- !query analysis
Project [(cast(cast(0 as string) as boolean) = false) AS (CAST(0 AS STRING) = false)#x]
+- SubqueryAlias t
   +- View (`t`, [1#x])
      +- Project [cast(1#x as int) AS 1#x]
         +- Project [1 AS 1#x]
            +- OneRowRelation


-- !query
SELECT cast('0' as binary) = false FROM t
-- !query analysis
org.apache.spark.sql.catalyst.ExtendedAnalysisException
{
  "errorClass" : "DATATYPE_MISMATCH.BINARY_OP_DIFF_TYPES",
  "sqlState" : "42K09",
  "messageParameters" : {
    "left" : "\"BINARY\"",
    "right" : "\"BOOLEAN\"",
    "sqlExpr" : "\"(CAST(0 AS BINARY) = false)\""
  },
  "queryContext" : [ {
    "objectType" : "",
    "objectName" : "",
    "startIndex" : 8,
    "stopIndex" : 34,
    "fragment" : "cast('0' as binary) = false"
  } ]
}


-- !query
SELECT cast(0 as boolean) = false FROM t
-- !query analysis
Project [(cast(0 as boolean) = false) AS (CAST(0 AS BOOLEAN) = false)#x]
+- SubqueryAlias t
   +- View (`t`, [1#x])
      +- Project [cast(1#x as int) AS 1#x]
         +- Project [1 AS 1#x]
            +- OneRowRelation


-- !query
SELECT cast('2017-12-11 09:30:00.0' as timestamp) = false FROM t
-- !query analysis
org.apache.spark.sql.catalyst.ExtendedAnalysisException
{
  "errorClass" : "DATATYPE_MISMATCH.BINARY_OP_DIFF_TYPES",
  "sqlState" : "42K09",
  "messageParameters" : {
    "left" : "\"TIMESTAMP\"",
    "right" : "\"BOOLEAN\"",
    "sqlExpr" : "\"(CAST(2017-12-11 09:30:00.0 AS TIMESTAMP) = false)\""
  },
  "queryContext" : [ {
    "objectType" : "",
    "objectName" : "",
    "startIndex" : 8,
    "stopIndex" : 57,
    "fragment" : "cast('2017-12-11 09:30:00.0' as timestamp) = false"
  } ]
}


-- !query
SELECT cast('2017-12-11 09:30:00' as date) = false FROM t
-- !query analysis
org.apache.spark.sql.catalyst.ExtendedAnalysisException
{
  "errorClass" : "DATATYPE_MISMATCH.BINARY_OP_DIFF_TYPES",
  "sqlState" : "42K09",
  "messageParameters" : {
    "left" : "\"DATE\"",
    "right" : "\"BOOLEAN\"",
    "sqlExpr" : "\"(CAST(2017-12-11 09:30:00 AS DATE) = false)\""
  },
  "queryContext" : [ {
    "objectType" : "",
    "objectName" : "",
    "startIndex" : 8,
    "stopIndex" : 50,
    "fragment" : "cast('2017-12-11 09:30:00' as date) = false"
  } ]
}


-- !query
SELECT cast(0 as tinyint) <=> false FROM t
-- !query analysis
Project [(cast(0 as tinyint) <=> cast(false as tinyint)) AS (CAST(0 AS TINYINT) <=> false)#x]
+- SubqueryAlias t
   +- View (`t`, [1#x])
      +- Project [cast(1#x as int) AS 1#x]
         +- Project [1 AS 1#x]
            +- OneRowRelation


-- !query
SELECT cast(0 as smallint) <=> false FROM t
-- !query analysis
Project [(cast(0 as smallint) <=> cast(false as smallint)) AS (CAST(0 AS SMALLINT) <=> false)#x]
+- SubqueryAlias t
   +- View (`t`, [1#x])
      +- Project [cast(1#x as int) AS 1#x]
         +- Project [1 AS 1#x]
            +- OneRowRelation


-- !query
SELECT cast(0 as int) <=> false FROM t
-- !query analysis
Project [(cast(0 as int) <=> cast(false as int)) AS (CAST(0 AS INT) <=> false)#x]
+- SubqueryAlias t
   +- View (`t`, [1#x])
      +- Project [cast(1#x as int) AS 1#x]
         +- Project [1 AS 1#x]
            +- OneRowRelation


-- !query
SELECT cast(0 as bigint) <=> false FROM t
-- !query analysis
Project [(cast(0 as bigint) <=> cast(false as bigint)) AS (CAST(0 AS BIGINT) <=> false)#x]
+- SubqueryAlias t
   +- View (`t`, [1#x])
      +- Project [cast(1#x as int) AS 1#x]
         +- Project [1 AS 1#x]
            +- OneRowRelation


-- !query
SELECT cast(0 as float) <=> false FROM t
-- !query analysis
Project [(cast(0 as float) <=> cast(false as float)) AS (CAST(0 AS FLOAT) <=> false)#x]
+- SubqueryAlias t
   +- View (`t`, [1#x])
      +- Project [cast(1#x as int) AS 1#x]
         +- Project [1 AS 1#x]
            +- OneRowRelation


-- !query
SELECT cast(0 as double) <=> false FROM t
-- !query analysis
Project [(cast(0 as double) <=> cast(false as double)) AS (CAST(0 AS DOUBLE) <=> false)#x]
+- SubqueryAlias t
   +- View (`t`, [1#x])
      +- Project [cast(1#x as int) AS 1#x]
         +- Project [1 AS 1#x]
            +- OneRowRelation


-- !query
SELECT cast(0 as decimal(10, 0)) <=> false FROM t
-- !query analysis
Project [(cast(0 as decimal(10,0)) <=> cast(false as decimal(10,0))) AS (CAST(0 AS DECIMAL(10,0)) <=> false)#x]
+- SubqueryAlias t
   +- View (`t`, [1#x])
      +- Project [cast(1#x as int) AS 1#x]
         +- Project [1 AS 1#x]
            +- OneRowRelation


-- !query
SELECT cast(0 as string) <=> false FROM t
-- !query analysis
Project [(cast(cast(0 as string) as boolean) <=> false) AS (CAST(0 AS STRING) <=> false)#x]
+- SubqueryAlias t
   +- View (`t`, [1#x])
      +- Project [cast(1#x as int) AS 1#x]
         +- Project [1 AS 1#x]
            +- OneRowRelation


-- !query
SELECT cast('0' as binary) <=> false FROM t
-- !query analysis
org.apache.spark.sql.catalyst.ExtendedAnalysisException
{
  "errorClass" : "DATATYPE_MISMATCH.BINARY_OP_DIFF_TYPES",
  "sqlState" : "42K09",
  "messageParameters" : {
    "left" : "\"BINARY\"",
    "right" : "\"BOOLEAN\"",
    "sqlExpr" : "\"(CAST(0 AS BINARY) <=> false)\""
  },
  "queryContext" : [ {
    "objectType" : "",
    "objectName" : "",
    "startIndex" : 8,
    "stopIndex" : 36,
    "fragment" : "cast('0' as binary) <=> false"
  } ]
}


-- !query
SELECT cast(0 as boolean) <=> false FROM t
-- !query analysis
Project [(cast(0 as boolean) <=> false) AS (CAST(0 AS BOOLEAN) <=> false)#x]
+- SubqueryAlias t
   +- View (`t`, [1#x])
      +- Project [cast(1#x as int) AS 1#x]
         +- Project [1 AS 1#x]
            +- OneRowRelation


-- !query
SELECT cast('2017-12-11 09:30:00.0' as timestamp) <=> false FROM t
-- !query analysis
org.apache.spark.sql.catalyst.ExtendedAnalysisException
{
  "errorClass" : "DATATYPE_MISMATCH.BINARY_OP_DIFF_TYPES",
  "sqlState" : "42K09",
  "messageParameters" : {
    "left" : "\"TIMESTAMP\"",
    "right" : "\"BOOLEAN\"",
    "sqlExpr" : "\"(CAST(2017-12-11 09:30:00.0 AS TIMESTAMP) <=> false)\""
  },
  "queryContext" : [ {
    "objectType" : "",
    "objectName" : "",
    "startIndex" : 8,
    "stopIndex" : 59,
    "fragment" : "cast('2017-12-11 09:30:00.0' as timestamp) <=> false"
  } ]
}


-- !query
SELECT cast('2017-12-11 09:30:00' as date) <=> false FROM t
-- !query analysis
org.apache.spark.sql.catalyst.ExtendedAnalysisException
{
  "errorClass" : "DATATYPE_MISMATCH.BINARY_OP_DIFF_TYPES",
  "sqlState" : "42K09",
  "messageParameters" : {
    "left" : "\"DATE\"",
    "right" : "\"BOOLEAN\"",
    "sqlExpr" : "\"(CAST(2017-12-11 09:30:00 AS DATE) <=> false)\""
  },
  "queryContext" : [ {
    "objectType" : "",
    "objectName" : "",
    "startIndex" : 8,
    "stopIndex" : 52,
    "fragment" : "cast('2017-12-11 09:30:00' as date) <=> false"
  } ]
}
