-- Automatically generated by SQLQueryTestSuite
-- !query
SELECT * from SQL_KEYWORDS()
-- !query schema
struct<keyword:string,reserved:boolean>
-- !query output
ADD	false
AFTER	false
ALL	true
ALTER	false
ALWAYS	false
ANALYZE	false
AND	true
ANTI	false
ANY	true
ANY_VALUE	false
ARCHIVE	false
ARRAY	false
AS	true
ASC	false
AT	false
AUTHORIZATION	true
BETWEEN	false
BIGINT	false
BINARY	false
BOOLEAN	false
BOTH	true
BUCKET	false
BUCKETS	false
BY	false
BYTE	false
CACHE	false
CASCADE	false
CASE	true
CAST	true
CATALOG	false
CATALOGS	false
CHANGE	false
CHAR	false
CHARACTER	false
CHECK	true
CLEAR	false
CLUSTER	false
CLUSTERED	false
CODEGEN	false
COLLATE	true
COLLECTION	false
COLUMN	true
COLUMNS	false
COMMENT	false
COMMIT	false
COMPACT	false
COMPACTIONS	false
COMPUTE	false
CONCATENATE	false
CONSTRAINT	true
COST	false
CREATE	true
CROSS	true
CUBE	false
CURRENT	false
CURRENT_DATE	true
CURRENT_TIME	true
CURRENT_TIMESTAMP	true
CURRENT_USER	true
DATA	false
DATABASE	false
DATABASES	false
DATE	false
DATEADD	false
DATEDIFF	false
DATE_ADD	false
DATE_DIFF	false
DAY	false
DAYOFYEAR	false
DAYS	false
DBPROPERTIES	false
DEC	false
DECIMAL	false
DEFAULT	false
DEFINED	false
DELETE	false
DELIMITED	false
DESC	false
DESCRIBE	false
DFS	false
DIRECTORIES	false
DIRECTORY	false
DISTINCT	true
DISTRIBUTE	false
DIV	false
DOUBLE	false
DROP	false
ELSE	true
END	true
ESCAPE	true
ESCAPED	false
EXCEPT	true
EXCHANGE	false
EXCLUDE	false
EXISTS	false
EXPLAIN	false
EXPORT	false
EXTENDED	false
EXTERNAL	false
EXTRACT	false
FALSE	true
FETCH	true
FIELDS	false
FILEFORMAT	false
FILTER	true
FIRST	false
FLOAT	false
FOLLOWING	false
FOR	true
FOREIGN	true
FORMAT	false
FORMATTED	false
FROM	true
FULL	true
FUNCTION	false
FUNCTIONS	false
GENERATED	false
GLOBAL	false
GRANT	true
GROUP	true
GROUPING	false
HAVING	true
HOUR	false
HOURS	false
IDENTIFIER	false
IF	false
IGNORE	false
ILIKE	false
IMPORT	false
IN	true
INCLUDE	false
INDEX	false
INDEXES	false
INNER	true
INPATH	false
INPUTFORMAT	false
INSERT	false
INT	false
INTEGER	false
INTERSECT	true
INTERVAL	false
INTO	true
IS	true
ITEMS	false
JOIN	true
KEYS	false
LAST	false
LATERAL	true
LAZY	false
LEADING	true
LEFT	true
LIKE	false
LIMIT	false
LINES	false
LIST	false
LOAD	false
LOCAL	false
LOCATION	false
LOCK	false
LOCKS	false
LOGICAL	false
LONG	false
MACRO	false
MAP	false
MATCHED	false
MERGE	false
MICROSECOND	false
MICROSECONDS	false
MILLISECOND	false
MILLISECONDS	false
MINUS	false
MINUTE	false
MINUTES	false
MONTH	false
MONTHS	false
MSCK	false
NAME	false
NAMESPACE	false
NAMESPACES	false
NANOSECOND	false
NANOSECONDS	false
NATURAL	true
NO	false
NULL	true
NULLS	false
NUMERIC	false
OF	false
OFFSET	true
ON	true
ONLY	true
OPTION	false
OPTIONS	false
OR	true
ORDER	true
OUT	false
OUTER	true
OUTPUTFORMAT	false
OVER	false
OVERLAPS	true
OVERLAY	false
OVERWRITE	false
PARTITION	false
PARTITIONED	false
PARTITIONS	false
PERCENT	false
PERCENTILE_CONT	true
PERCENTILE_DISC	true
PIVOT	false
PLACING	false
POSITION	false
PRECEDING	false
PRIMARY	true
PRINCIPALS	false
PROPERTIES	false
PURGE	false
QUARTER	false
QUERY	false
RANGE	false
REAL	false
RECORDREADER	false
RECORDWRITER	false
RECOVER	false
REDUCE	false
REFERENCES	true
REFRESH	false
RENAME	false
REPAIR	false
REPEATABLE	false
REPLACE	false
RESET	false
RESPECT	false
RESTRICT	false
REVOKE	false
RIGHT	true
ROLE	false
ROLES	false
ROLLBACK	false
ROLLUP	false
ROW	false
ROWS	false
SCHEMA	false
SCHEMAS	false
SECOND	false
SECONDS	false
SELECT	true
SEMI	false
SEPARATED	false
SERDE	false
SERDEPROPERTIES	false
SESSION_USER	true
SET	false
SETS	false
SHORT	false
SHOW	false
SKEWED	false
SMALLINT	false
SOME	true
SORT	false
SORTED	false
SOURCE	false
START	false
STATISTICS	false
STORED	false
STRATIFY	false
STRING	false
STRUCT	false
SUBSTR	false
SUBSTRING	false
SYNC	false
SYSTEM_TIME	false
SYSTEM_VERSION	false
TABLE	true
TABLES	false
TABLESAMPLE	false
TARGET	false
TBLPROPERTIES	false
TERMINATED	false
THEN	true
TIME	true
TIMESTAMP	false
TIMESTAMPADD	false
TIMESTAMPDIFF	false
TIMESTAMP_LTZ	false
TIMESTAMP_NTZ	false
TINYINT	false
TO	true
TOUCH	false
TRAILING	true
TRANSACTION	false
TRANSACTIONS	false
TRANSFORM	false
TRIM	false
TRUE	false
TRUNCATE	false
TRY_CAST	false
TYPE	false
UNARCHIVE	false
UNBOUNDED	false
UNCACHE	false
UNION	true
UNIQUE	true
UNKNOWN	true
UNLOCK	false
UNPIVOT	false
UNSET	false
UPDATE	false
USE	false
USER	true
USING	true
VALUES	false
VARCHAR	false
VERSION	false
VIEW	false
VIEWS	false
VOID	false
WEEK	false
WEEKS	false
WHEN	true
WHERE	true
WINDOW	false
WITH	true
WITHIN	true
X	false
YEAR	false
YEARS	false
ZONE	false


-- !query
SELECT keyword from SQL_KEYWORDS() WHERE reserved
-- !query schema
struct<keyword:string>
-- !query output
ALL
AND
ANY
AS
AUTHORIZATION
BOTH
CASE
CAST
CHECK
COLLATE
COLUMN
CONSTRAINT
CREATE
CROSS
CURRENT_DATE
CURRENT_TIME
CURRENT_TIMESTAMP
CURRENT_USER
DISTINCT
ELSE
END
ESCAPE
EXCEPT
FALSE
FETCH
FILTER
FOR
FOREIGN
FROM
FULL
GRANT
GROUP
HAVING
IN
INNER
INTERSECT
INTO
IS
JOIN
LATERAL
LEADING
LEFT
NATURAL
NULL
OFFSET
ON
ONLY
OR
ORDER
OUTER
OVERLAPS
PERCENTILE_CONT
PERCENTILE_DISC
PRIMARY
REFERENCES
RIGHT
SELECT
SESSION_USER
SOME
TABLE
THEN
TIME
TO
TRAILING
UNION
UNIQUE
UNKNOWN
USER
USING
WHEN
WHERE
WITH
WITHIN
